python /disks/md0-4T/users/b.mgm/model/train.py --data_path /disks/md0-4T/users/b.mgm/data/CRF --test_path test.bilou_CRF --val_path validation.bilou_CRF --train_path train.bilou_CRF --emb_path /disks/md0-4T/users/b.mgm/data/embedding/pretrained_embedding.txt --word_emb_dim 100 --val_batch_size 64 --char_emb_dim 25 --max_epochs 100 --char_rnn 25 --rnn_dim 100 --word_min_freq 0 --train_batch_size 4 --checkpoint /disks/md0-4T/users/b.mgm/checkpoints/training_0___char_rnn_25__rnn_dim_100__word_min_freq_0__train_batch_size_4  | tee -a /disks/md0-4T/users/b.mgm/logs/training_0___char_rnn_25__rnn_dim_100__word_min_freq_0__train_batch_size_4.log
python /disks/md0-4T/users/b.mgm/model/train.py --data_path /disks/md0-4T/users/b.mgm/data/CRF --test_path test.bilou_CRF --val_path validation.bilou_CRF --train_path train.bilou_CRF --emb_path /disks/md0-4T/users/b.mgm/data/embedding/pretrained_embedding.txt --word_emb_dim 100 --val_batch_size 64 --char_emb_dim 25 --max_epochs 100 --char_rnn 25 --rnn_dim 100 --word_min_freq 0 --train_batch_size 8 --checkpoint /disks/md0-4T/users/b.mgm/checkpoints/training_1___char_rnn_25__rnn_dim_100__word_min_freq_0__train_batch_size_8  | tee -a /disks/md0-4T/users/b.mgm/logs/training_1___char_rnn_25__rnn_dim_100__word_min_freq_0__train_batch_size_8.log
python /disks/md0-4T/users/b.mgm/model/train.py --data_path /disks/md0-4T/users/b.mgm/data/CRF --test_path test.bilou_CRF --val_path validation.bilou_CRF --train_path train.bilou_CRF --emb_path /disks/md0-4T/users/b.mgm/data/embedding/pretrained_embedding.txt --word_emb_dim 100 --val_batch_size 64 --char_emb_dim 25 --max_epochs 100 --char_rnn 25 --rnn_dim 100 --word_min_freq 0 --train_batch_size 16 --checkpoint /disks/md0-4T/users/b.mgm/checkpoints/training_2___char_rnn_25__rnn_dim_100__word_min_freq_0__train_batch_size_16  | tee -a /disks/md0-4T/users/b.mgm/logs/training_2___char_rnn_25__rnn_dim_100__word_min_freq_0__train_batch_size_16.log
python /disks/md0-4T/users/b.mgm/model/train.py --data_path /disks/md0-4T/users/b.mgm/data/CRF --test_path test.bilou_CRF --val_path validation.bilou_CRF --train_path train.bilou_CRF --emb_path /disks/md0-4T/users/b.mgm/data/embedding/pretrained_embedding.txt --word_emb_dim 100 --val_batch_size 64 --char_emb_dim 25 --max_epochs 100 --char_rnn 25 --rnn_dim 100 --word_min_freq 5 --train_batch_size 4 --checkpoint /disks/md0-4T/users/b.mgm/checkpoints/training_3___char_rnn_25__rnn_dim_100__word_min_freq_5__train_batch_size_4  | tee -a /disks/md0-4T/users/b.mgm/logs/training_3___char_rnn_25__rnn_dim_100__word_min_freq_5__train_batch_size_4.log
python /disks/md0-4T/users/b.mgm/model/train.py --data_path /disks/md0-4T/users/b.mgm/data/CRF --test_path test.bilou_CRF --val_path validation.bilou_CRF --train_path train.bilou_CRF --emb_path /disks/md0-4T/users/b.mgm/data/embedding/pretrained_embedding.txt --word_emb_dim 100 --val_batch_size 64 --char_emb_dim 25 --max_epochs 100 --char_rnn 25 --rnn_dim 100 --word_min_freq 5 --train_batch_size 8 --checkpoint /disks/md0-4T/users/b.mgm/checkpoints/training_4___char_rnn_25__rnn_dim_100__word_min_freq_5__train_batch_size_8  | tee -a /disks/md0-4T/users/b.mgm/logs/training_4___char_rnn_25__rnn_dim_100__word_min_freq_5__train_batch_size_8.log
python /disks/md0-4T/users/b.mgm/model/train.py --data_path /disks/md0-4T/users/b.mgm/data/CRF --test_path test.bilou_CRF --val_path validation.bilou_CRF --train_path train.bilou_CRF --emb_path /disks/md0-4T/users/b.mgm/data/embedding/pretrained_embedding.txt --word_emb_dim 100 --val_batch_size 64 --char_emb_dim 25 --max_epochs 100 --char_rnn 25 --rnn_dim 100 --word_min_freq 5 --train_batch_size 16 --checkpoint /disks/md0-4T/users/b.mgm/checkpoints/training_5___char_rnn_25__rnn_dim_100__word_min_freq_5__train_batch_size_16  | tee -a /disks/md0-4T/users/b.mgm/logs/training_5___char_rnn_25__rnn_dim_100__word_min_freq_5__train_batch_size_16.log
python /disks/md0-4T/users/b.mgm/model/train.py --data_path /disks/md0-4T/users/b.mgm/data/CRF --test_path test.bilou_CRF --val_path validation.bilou_CRF --train_path train.bilou_CRF --emb_path /disks/md0-4T/users/b.mgm/data/embedding/pretrained_embedding.txt --word_emb_dim 100 --val_batch_size 64 --char_emb_dim 25 --max_epochs 100 --char_rnn 25 --rnn_dim 100 --word_min_freq 10 --train_batch_size 4 --checkpoint /disks/md0-4T/users/b.mgm/checkpoints/training_6___char_rnn_25__rnn_dim_100__word_min_freq_10__train_batch_size_4  | tee -a /disks/md0-4T/users/b.mgm/logs/training_6___char_rnn_25__rnn_dim_100__word_min_freq_10__train_batch_size_4.log
python /disks/md0-4T/users/b.mgm/model/train.py --data_path /disks/md0-4T/users/b.mgm/data/CRF --test_path test.bilou_CRF --val_path validation.bilou_CRF --train_path train.bilou_CRF --emb_path /disks/md0-4T/users/b.mgm/data/embedding/pretrained_embedding.txt --word_emb_dim 100 --val_batch_size 64 --char_emb_dim 25 --max_epochs 100 --char_rnn 25 --rnn_dim 100 --word_min_freq 10 --train_batch_size 8 --checkpoint /disks/md0-4T/users/b.mgm/checkpoints/training_7___char_rnn_25__rnn_dim_100__word_min_freq_10__train_batch_size_8  | tee -a /disks/md0-4T/users/b.mgm/logs/training_7___char_rnn_25__rnn_dim_100__word_min_freq_10__train_batch_size_8.log
python /disks/md0-4T/users/b.mgm/model/train.py --data_path /disks/md0-4T/users/b.mgm/data/CRF --test_path test.bilou_CRF --val_path validation.bilou_CRF --train_path train.bilou_CRF --emb_path /disks/md0-4T/users/b.mgm/data/embedding/pretrained_embedding.txt --word_emb_dim 100 --val_batch_size 64 --char_emb_dim 25 --max_epochs 100 --char_rnn 25 --rnn_dim 100 --word_min_freq 10 --train_batch_size 16 --checkpoint /disks/md0-4T/users/b.mgm/checkpoints/training_8___char_rnn_25__rnn_dim_100__word_min_freq_10__train_batch_size_16  | tee -a /disks/md0-4T/users/b.mgm/logs/training_8___char_rnn_25__rnn_dim_100__word_min_freq_10__train_batch_size_16.log
python /disks/md0-4T/users/b.mgm/model/train.py --data_path /disks/md0-4T/users/b.mgm/data/CRF --test_path test.bilou_CRF --val_path validation.bilou_CRF --train_path train.bilou_CRF --emb_path /disks/md0-4T/users/b.mgm/data/embedding/pretrained_embedding.txt --word_emb_dim 100 --val_batch_size 64 --char_emb_dim 25 --max_epochs 100 --char_rnn 25 --rnn_dim 150 --word_min_freq 0 --train_batch_size 4 --checkpoint /disks/md0-4T/users/b.mgm/checkpoints/training_9___char_rnn_25__rnn_dim_150__word_min_freq_0__train_batch_size_4  | tee -a /disks/md0-4T/users/b.mgm/logs/training_9___char_rnn_25__rnn_dim_150__word_min_freq_0__train_batch_size_4.log
python /disks/md0-4T/users/b.mgm/model/train.py --data_path /disks/md0-4T/users/b.mgm/data/CRF --test_path test.bilou_CRF --val_path validation.bilou_CRF --train_path train.bilou_CRF --emb_path /disks/md0-4T/users/b.mgm/data/embedding/pretrained_embedding.txt --word_emb_dim 100 --val_batch_size 64 --char_emb_dim 25 --max_epochs 100 --char_rnn 25 --rnn_dim 150 --word_min_freq 0 --train_batch_size 8 --checkpoint /disks/md0-4T/users/b.mgm/checkpoints/training_10___char_rnn_25__rnn_dim_150__word_min_freq_0__train_batch_size_8  | tee -a /disks/md0-4T/users/b.mgm/logs/training_10___char_rnn_25__rnn_dim_150__word_min_freq_0__train_batch_size_8.log
python /disks/md0-4T/users/b.mgm/model/train.py --data_path /disks/md0-4T/users/b.mgm/data/CRF --test_path test.bilou_CRF --val_path validation.bilou_CRF --train_path train.bilou_CRF --emb_path /disks/md0-4T/users/b.mgm/data/embedding/pretrained_embedding.txt --word_emb_dim 100 --val_batch_size 64 --char_emb_dim 25 --max_epochs 100 --char_rnn 25 --rnn_dim 150 --word_min_freq 0 --train_batch_size 16 --checkpoint /disks/md0-4T/users/b.mgm/checkpoints/training_11___char_rnn_25__rnn_dim_150__word_min_freq_0__train_batch_size_16  | tee -a /disks/md0-4T/users/b.mgm/logs/training_11___char_rnn_25__rnn_dim_150__word_min_freq_0__train_batch_size_16.log
python /disks/md0-4T/users/b.mgm/model/train.py --data_path /disks/md0-4T/users/b.mgm/data/CRF --test_path test.bilou_CRF --val_path validation.bilou_CRF --train_path train.bilou_CRF --emb_path /disks/md0-4T/users/b.mgm/data/embedding/pretrained_embedding.txt --word_emb_dim 100 --val_batch_size 64 --char_emb_dim 25 --max_epochs 100 --char_rnn 25 --rnn_dim 150 --word_min_freq 5 --train_batch_size 4 --checkpoint /disks/md0-4T/users/b.mgm/checkpoints/training_12___char_rnn_25__rnn_dim_150__word_min_freq_5__train_batch_size_4  | tee -a /disks/md0-4T/users/b.mgm/logs/training_12___char_rnn_25__rnn_dim_150__word_min_freq_5__train_batch_size_4.log
python /disks/md0-4T/users/b.mgm/model/train.py --data_path /disks/md0-4T/users/b.mgm/data/CRF --test_path test.bilou_CRF --val_path validation.bilou_CRF --train_path train.bilou_CRF --emb_path /disks/md0-4T/users/b.mgm/data/embedding/pretrained_embedding.txt --word_emb_dim 100 --val_batch_size 64 --char_emb_dim 25 --max_epochs 100 --char_rnn 25 --rnn_dim 150 --word_min_freq 5 --train_batch_size 8 --checkpoint /disks/md0-4T/users/b.mgm/checkpoints/training_13___char_rnn_25__rnn_dim_150__word_min_freq_5__train_batch_size_8  | tee -a /disks/md0-4T/users/b.mgm/logs/training_13___char_rnn_25__rnn_dim_150__word_min_freq_5__train_batch_size_8.log
python /disks/md0-4T/users/b.mgm/model/train.py --data_path /disks/md0-4T/users/b.mgm/data/CRF --test_path test.bilou_CRF --val_path validation.bilou_CRF --train_path train.bilou_CRF --emb_path /disks/md0-4T/users/b.mgm/data/embedding/pretrained_embedding.txt --word_emb_dim 100 --val_batch_size 64 --char_emb_dim 25 --max_epochs 100 --char_rnn 25 --rnn_dim 150 --word_min_freq 5 --train_batch_size 16 --checkpoint /disks/md0-4T/users/b.mgm/checkpoints/training_14___char_rnn_25__rnn_dim_150__word_min_freq_5__train_batch_size_16  | tee -a /disks/md0-4T/users/b.mgm/logs/training_14___char_rnn_25__rnn_dim_150__word_min_freq_5__train_batch_size_16.log
python /disks/md0-4T/users/b.mgm/model/train.py --data_path /disks/md0-4T/users/b.mgm/data/CRF --test_path test.bilou_CRF --val_path validation.bilou_CRF --train_path train.bilou_CRF --emb_path /disks/md0-4T/users/b.mgm/data/embedding/pretrained_embedding.txt --word_emb_dim 100 --val_batch_size 64 --char_emb_dim 25 --max_epochs 100 --char_rnn 25 --rnn_dim 150 --word_min_freq 10 --train_batch_size 4 --checkpoint /disks/md0-4T/users/b.mgm/checkpoints/training_15___char_rnn_25__rnn_dim_150__word_min_freq_10__train_batch_size_4  | tee -a /disks/md0-4T/users/b.mgm/logs/training_15___char_rnn_25__rnn_dim_150__word_min_freq_10__train_batch_size_4.log
python /disks/md0-4T/users/b.mgm/model/train.py --data_path /disks/md0-4T/users/b.mgm/data/CRF --test_path test.bilou_CRF --val_path validation.bilou_CRF --train_path train.bilou_CRF --emb_path /disks/md0-4T/users/b.mgm/data/embedding/pretrained_embedding.txt --word_emb_dim 100 --val_batch_size 64 --char_emb_dim 25 --max_epochs 100 --char_rnn 25 --rnn_dim 150 --word_min_freq 10 --train_batch_size 8 --checkpoint /disks/md0-4T/users/b.mgm/checkpoints/training_16___char_rnn_25__rnn_dim_150__word_min_freq_10__train_batch_size_8  | tee -a /disks/md0-4T/users/b.mgm/logs/training_16___char_rnn_25__rnn_dim_150__word_min_freq_10__train_batch_size_8.log
python /disks/md0-4T/users/b.mgm/model/train.py --data_path /disks/md0-4T/users/b.mgm/data/CRF --test_path test.bilou_CRF --val_path validation.bilou_CRF --train_path train.bilou_CRF --emb_path /disks/md0-4T/users/b.mgm/data/embedding/pretrained_embedding.txt --word_emb_dim 100 --val_batch_size 64 --char_emb_dim 25 --max_epochs 100 --char_rnn 25 --rnn_dim 150 --word_min_freq 10 --train_batch_size 16 --checkpoint /disks/md0-4T/users/b.mgm/checkpoints/training_17___char_rnn_25__rnn_dim_150__word_min_freq_10__train_batch_size_16  | tee -a /disks/md0-4T/users/b.mgm/logs/training_17___char_rnn_25__rnn_dim_150__word_min_freq_10__train_batch_size_16.log
python /disks/md0-4T/users/b.mgm/model/train.py --data_path /disks/md0-4T/users/b.mgm/data/CRF --test_path test.bilou_CRF --val_path validation.bilou_CRF --train_path train.bilou_CRF --emb_path /disks/md0-4T/users/b.mgm/data/embedding/pretrained_embedding.txt --word_emb_dim 100 --val_batch_size 64 --char_emb_dim 25 --max_epochs 100 --char_rnn 25 --rnn_dim 200 --word_min_freq 0 --train_batch_size 4 --checkpoint /disks/md0-4T/users/b.mgm/checkpoints/training_18___char_rnn_25__rnn_dim_200__word_min_freq_0__train_batch_size_4  | tee -a /disks/md0-4T/users/b.mgm/logs/training_18___char_rnn_25__rnn_dim_200__word_min_freq_0__train_batch_size_4.log
python /disks/md0-4T/users/b.mgm/model/train.py --data_path /disks/md0-4T/users/b.mgm/data/CRF --test_path test.bilou_CRF --val_path validation.bilou_CRF --train_path train.bilou_CRF --emb_path /disks/md0-4T/users/b.mgm/data/embedding/pretrained_embedding.txt --word_emb_dim 100 --val_batch_size 64 --char_emb_dim 25 --max_epochs 100 --char_rnn 25 --rnn_dim 200 --word_min_freq 0 --train_batch_size 8 --checkpoint /disks/md0-4T/users/b.mgm/checkpoints/training_19___char_rnn_25__rnn_dim_200__word_min_freq_0__train_batch_size_8  | tee -a /disks/md0-4T/users/b.mgm/logs/training_19___char_rnn_25__rnn_dim_200__word_min_freq_0__train_batch_size_8.log
python /disks/md0-4T/users/b.mgm/model/train.py --data_path /disks/md0-4T/users/b.mgm/data/CRF --test_path test.bilou_CRF --val_path validation.bilou_CRF --train_path train.bilou_CRF --emb_path /disks/md0-4T/users/b.mgm/data/embedding/pretrained_embedding.txt --word_emb_dim 100 --val_batch_size 64 --char_emb_dim 25 --max_epochs 100 --char_rnn 25 --rnn_dim 200 --word_min_freq 0 --train_batch_size 16 --checkpoint /disks/md0-4T/users/b.mgm/checkpoints/training_20___char_rnn_25__rnn_dim_200__word_min_freq_0__train_batch_size_16  | tee -a /disks/md0-4T/users/b.mgm/logs/training_20___char_rnn_25__rnn_dim_200__word_min_freq_0__train_batch_size_16.log
python /disks/md0-4T/users/b.mgm/model/train.py --data_path /disks/md0-4T/users/b.mgm/data/CRF --test_path test.bilou_CRF --val_path validation.bilou_CRF --train_path train.bilou_CRF --emb_path /disks/md0-4T/users/b.mgm/data/embedding/pretrained_embedding.txt --word_emb_dim 100 --val_batch_size 64 --char_emb_dim 25 --max_epochs 100 --char_rnn 25 --rnn_dim 200 --word_min_freq 5 --train_batch_size 4 --checkpoint /disks/md0-4T/users/b.mgm/checkpoints/training_21___char_rnn_25__rnn_dim_200__word_min_freq_5__train_batch_size_4  | tee -a /disks/md0-4T/users/b.mgm/logs/training_21___char_rnn_25__rnn_dim_200__word_min_freq_5__train_batch_size_4.log
python /disks/md0-4T/users/b.mgm/model/train.py --data_path /disks/md0-4T/users/b.mgm/data/CRF --test_path test.bilou_CRF --val_path validation.bilou_CRF --train_path train.bilou_CRF --emb_path /disks/md0-4T/users/b.mgm/data/embedding/pretrained_embedding.txt --word_emb_dim 100 --val_batch_size 64 --char_emb_dim 25 --max_epochs 100 --char_rnn 25 --rnn_dim 200 --word_min_freq 5 --train_batch_size 8 --checkpoint /disks/md0-4T/users/b.mgm/checkpoints/training_22___char_rnn_25__rnn_dim_200__word_min_freq_5__train_batch_size_8  | tee -a /disks/md0-4T/users/b.mgm/logs/training_22___char_rnn_25__rnn_dim_200__word_min_freq_5__train_batch_size_8.log
python /disks/md0-4T/users/b.mgm/model/train.py --data_path /disks/md0-4T/users/b.mgm/data/CRF --test_path test.bilou_CRF --val_path validation.bilou_CRF --train_path train.bilou_CRF --emb_path /disks/md0-4T/users/b.mgm/data/embedding/pretrained_embedding.txt --word_emb_dim 100 --val_batch_size 64 --char_emb_dim 25 --max_epochs 100 --char_rnn 25 --rnn_dim 200 --word_min_freq 5 --train_batch_size 16 --checkpoint /disks/md0-4T/users/b.mgm/checkpoints/training_23___char_rnn_25__rnn_dim_200__word_min_freq_5__train_batch_size_16  | tee -a /disks/md0-4T/users/b.mgm/logs/training_23___char_rnn_25__rnn_dim_200__word_min_freq_5__train_batch_size_16.log
python /disks/md0-4T/users/b.mgm/model/train.py --data_path /disks/md0-4T/users/b.mgm/data/CRF --test_path test.bilou_CRF --val_path validation.bilou_CRF --train_path train.bilou_CRF --emb_path /disks/md0-4T/users/b.mgm/data/embedding/pretrained_embedding.txt --word_emb_dim 100 --val_batch_size 64 --char_emb_dim 25 --max_epochs 100 --char_rnn 25 --rnn_dim 200 --word_min_freq 10 --train_batch_size 4 --checkpoint /disks/md0-4T/users/b.mgm/checkpoints/training_24___char_rnn_25__rnn_dim_200__word_min_freq_10__train_batch_size_4  | tee -a /disks/md0-4T/users/b.mgm/logs/training_24___char_rnn_25__rnn_dim_200__word_min_freq_10__train_batch_size_4.log
python /disks/md0-4T/users/b.mgm/model/train.py --data_path /disks/md0-4T/users/b.mgm/data/CRF --test_path test.bilou_CRF --val_path validation.bilou_CRF --train_path train.bilou_CRF --emb_path /disks/md0-4T/users/b.mgm/data/embedding/pretrained_embedding.txt --word_emb_dim 100 --val_batch_size 64 --char_emb_dim 25 --max_epochs 100 --char_rnn 25 --rnn_dim 200 --word_min_freq 10 --train_batch_size 8 --checkpoint /disks/md0-4T/users/b.mgm/checkpoints/training_25___char_rnn_25__rnn_dim_200__word_min_freq_10__train_batch_size_8  | tee -a /disks/md0-4T/users/b.mgm/logs/training_25___char_rnn_25__rnn_dim_200__word_min_freq_10__train_batch_size_8.log
python /disks/md0-4T/users/b.mgm/model/train.py --data_path /disks/md0-4T/users/b.mgm/data/CRF --test_path test.bilou_CRF --val_path validation.bilou_CRF --train_path train.bilou_CRF --emb_path /disks/md0-4T/users/b.mgm/data/embedding/pretrained_embedding.txt --word_emb_dim 100 --val_batch_size 64 --char_emb_dim 25 --max_epochs 100 --char_rnn 25 --rnn_dim 200 --word_min_freq 10 --train_batch_size 16 --checkpoint /disks/md0-4T/users/b.mgm/checkpoints/training_26___char_rnn_25__rnn_dim_200__word_min_freq_10__train_batch_size_16  | tee -a /disks/md0-4T/users/b.mgm/logs/training_26___char_rnn_25__rnn_dim_200__word_min_freq_10__train_batch_size_16.log
python /disks/md0-4T/users/b.mgm/model/train.py --data_path /disks/md0-4T/users/b.mgm/data/CRF --test_path test.bilou_CRF --val_path validation.bilou_CRF --train_path train.bilou_CRF --emb_path /disks/md0-4T/users/b.mgm/data/embedding/pretrained_embedding.txt --word_emb_dim 100 --val_batch_size 64 --char_emb_dim 25 --max_epochs 100 --char_rnn 25 --rnn_dim 300 --word_min_freq 0 --train_batch_size 4 --checkpoint /disks/md0-4T/users/b.mgm/checkpoints/training_27___char_rnn_25__rnn_dim_300__word_min_freq_0__train_batch_size_4  | tee -a /disks/md0-4T/users/b.mgm/logs/training_27___char_rnn_25__rnn_dim_300__word_min_freq_0__train_batch_size_4.log
python /disks/md0-4T/users/b.mgm/model/train.py --data_path /disks/md0-4T/users/b.mgm/data/CRF --test_path test.bilou_CRF --val_path validation.bilou_CRF --train_path train.bilou_CRF --emb_path /disks/md0-4T/users/b.mgm/data/embedding/pretrained_embedding.txt --word_emb_dim 100 --val_batch_size 64 --char_emb_dim 25 --max_epochs 100 --char_rnn 25 --rnn_dim 300 --word_min_freq 0 --train_batch_size 8 --checkpoint /disks/md0-4T/users/b.mgm/checkpoints/training_28___char_rnn_25__rnn_dim_300__word_min_freq_0__train_batch_size_8  | tee -a /disks/md0-4T/users/b.mgm/logs/training_28___char_rnn_25__rnn_dim_300__word_min_freq_0__train_batch_size_8.log
python /disks/md0-4T/users/b.mgm/model/train.py --data_path /disks/md0-4T/users/b.mgm/data/CRF --test_path test.bilou_CRF --val_path validation.bilou_CRF --train_path train.bilou_CRF --emb_path /disks/md0-4T/users/b.mgm/data/embedding/pretrained_embedding.txt --word_emb_dim 100 --val_batch_size 64 --char_emb_dim 25 --max_epochs 100 --char_rnn 25 --rnn_dim 300 --word_min_freq 0 --train_batch_size 16 --checkpoint /disks/md0-4T/users/b.mgm/checkpoints/training_29___char_rnn_25__rnn_dim_300__word_min_freq_0__train_batch_size_16  | tee -a /disks/md0-4T/users/b.mgm/logs/training_29___char_rnn_25__rnn_dim_300__word_min_freq_0__train_batch_size_16.log
python /disks/md0-4T/users/b.mgm/model/train.py --data_path /disks/md0-4T/users/b.mgm/data/CRF --test_path test.bilou_CRF --val_path validation.bilou_CRF --train_path train.bilou_CRF --emb_path /disks/md0-4T/users/b.mgm/data/embedding/pretrained_embedding.txt --word_emb_dim 100 --val_batch_size 64 --char_emb_dim 25 --max_epochs 100 --char_rnn 25 --rnn_dim 300 --word_min_freq 5 --train_batch_size 4 --checkpoint /disks/md0-4T/users/b.mgm/checkpoints/training_30___char_rnn_25__rnn_dim_300__word_min_freq_5__train_batch_size_4  | tee -a /disks/md0-4T/users/b.mgm/logs/training_30___char_rnn_25__rnn_dim_300__word_min_freq_5__train_batch_size_4.log
python /disks/md0-4T/users/b.mgm/model/train.py --data_path /disks/md0-4T/users/b.mgm/data/CRF --test_path test.bilou_CRF --val_path validation.bilou_CRF --train_path train.bilou_CRF --emb_path /disks/md0-4T/users/b.mgm/data/embedding/pretrained_embedding.txt --word_emb_dim 100 --val_batch_size 64 --char_emb_dim 25 --max_epochs 100 --char_rnn 25 --rnn_dim 300 --word_min_freq 5 --train_batch_size 8 --checkpoint /disks/md0-4T/users/b.mgm/checkpoints/training_31___char_rnn_25__rnn_dim_300__word_min_freq_5__train_batch_size_8  | tee -a /disks/md0-4T/users/b.mgm/logs/training_31___char_rnn_25__rnn_dim_300__word_min_freq_5__train_batch_size_8.log
python /disks/md0-4T/users/b.mgm/model/train.py --data_path /disks/md0-4T/users/b.mgm/data/CRF --test_path test.bilou_CRF --val_path validation.bilou_CRF --train_path train.bilou_CRF --emb_path /disks/md0-4T/users/b.mgm/data/embedding/pretrained_embedding.txt --word_emb_dim 100 --val_batch_size 64 --char_emb_dim 25 --max_epochs 100 --char_rnn 25 --rnn_dim 300 --word_min_freq 5 --train_batch_size 16 --checkpoint /disks/md0-4T/users/b.mgm/checkpoints/training_32___char_rnn_25__rnn_dim_300__word_min_freq_5__train_batch_size_16  | tee -a /disks/md0-4T/users/b.mgm/logs/training_32___char_rnn_25__rnn_dim_300__word_min_freq_5__train_batch_size_16.log
python /disks/md0-4T/users/b.mgm/model/train.py --data_path /disks/md0-4T/users/b.mgm/data/CRF --test_path test.bilou_CRF --val_path validation.bilou_CRF --train_path train.bilou_CRF --emb_path /disks/md0-4T/users/b.mgm/data/embedding/pretrained_embedding.txt --word_emb_dim 100 --val_batch_size 64 --char_emb_dim 25 --max_epochs 100 --char_rnn 25 --rnn_dim 300 --word_min_freq 10 --train_batch_size 4 --checkpoint /disks/md0-4T/users/b.mgm/checkpoints/training_33___char_rnn_25__rnn_dim_300__word_min_freq_10__train_batch_size_4  | tee -a /disks/md0-4T/users/b.mgm/logs/training_33___char_rnn_25__rnn_dim_300__word_min_freq_10__train_batch_size_4.log
python /disks/md0-4T/users/b.mgm/model/train.py --data_path /disks/md0-4T/users/b.mgm/data/CRF --test_path test.bilou_CRF --val_path validation.bilou_CRF --train_path train.bilou_CRF --emb_path /disks/md0-4T/users/b.mgm/data/embedding/pretrained_embedding.txt --word_emb_dim 100 --val_batch_size 64 --char_emb_dim 25 --max_epochs 100 --char_rnn 25 --rnn_dim 300 --word_min_freq 10 --train_batch_size 8 --checkpoint /disks/md0-4T/users/b.mgm/checkpoints/training_34___char_rnn_25__rnn_dim_300__word_min_freq_10__train_batch_size_8  | tee -a /disks/md0-4T/users/b.mgm/logs/training_34___char_rnn_25__rnn_dim_300__word_min_freq_10__train_batch_size_8.log
python /disks/md0-4T/users/b.mgm/model/train.py --data_path /disks/md0-4T/users/b.mgm/data/CRF --test_path test.bilou_CRF --val_path validation.bilou_CRF --train_path train.bilou_CRF --emb_path /disks/md0-4T/users/b.mgm/data/embedding/pretrained_embedding.txt --word_emb_dim 100 --val_batch_size 64 --char_emb_dim 25 --max_epochs 100 --char_rnn 25 --rnn_dim 300 --word_min_freq 10 --train_batch_size 16 --checkpoint /disks/md0-4T/users/b.mgm/checkpoints/training_35___char_rnn_25__rnn_dim_300__word_min_freq_10__train_batch_size_16  | tee -a /disks/md0-4T/users/b.mgm/logs/training_35___char_rnn_25__rnn_dim_300__word_min_freq_10__train_batch_size_16.log
python /disks/md0-4T/users/b.mgm/model/train.py --data_path /disks/md0-4T/users/b.mgm/data/CRF --test_path test.bilou_CRF --val_path validation.bilou_CRF --train_path train.bilou_CRF --emb_path /disks/md0-4T/users/b.mgm/data/embedding/pretrained_embedding.txt --word_emb_dim 100 --val_batch_size 64 --char_emb_dim 25 --max_epochs 100 --char_rnn 50 --rnn_dim 100 --word_min_freq 0 --train_batch_size 4 --checkpoint /disks/md0-4T/users/b.mgm/checkpoints/training_36___char_rnn_50__rnn_dim_100__word_min_freq_0__train_batch_size_4  | tee -a /disks/md0-4T/users/b.mgm/logs/training_36___char_rnn_50__rnn_dim_100__word_min_freq_0__train_batch_size_4.log
python /disks/md0-4T/users/b.mgm/model/train.py --data_path /disks/md0-4T/users/b.mgm/data/CRF --test_path test.bilou_CRF --val_path validation.bilou_CRF --train_path train.bilou_CRF --emb_path /disks/md0-4T/users/b.mgm/data/embedding/pretrained_embedding.txt --word_emb_dim 100 --val_batch_size 64 --char_emb_dim 25 --max_epochs 100 --char_rnn 50 --rnn_dim 100 --word_min_freq 0 --train_batch_size 8 --checkpoint /disks/md0-4T/users/b.mgm/checkpoints/training_37___char_rnn_50__rnn_dim_100__word_min_freq_0__train_batch_size_8  | tee -a /disks/md0-4T/users/b.mgm/logs/training_37___char_rnn_50__rnn_dim_100__word_min_freq_0__train_batch_size_8.log
python /disks/md0-4T/users/b.mgm/model/train.py --data_path /disks/md0-4T/users/b.mgm/data/CRF --test_path test.bilou_CRF --val_path validation.bilou_CRF --train_path train.bilou_CRF --emb_path /disks/md0-4T/users/b.mgm/data/embedding/pretrained_embedding.txt --word_emb_dim 100 --val_batch_size 64 --char_emb_dim 25 --max_epochs 100 --char_rnn 50 --rnn_dim 100 --word_min_freq 0 --train_batch_size 16 --checkpoint /disks/md0-4T/users/b.mgm/checkpoints/training_38___char_rnn_50__rnn_dim_100__word_min_freq_0__train_batch_size_16  | tee -a /disks/md0-4T/users/b.mgm/logs/training_38___char_rnn_50__rnn_dim_100__word_min_freq_0__train_batch_size_16.log
python /disks/md0-4T/users/b.mgm/model/train.py --data_path /disks/md0-4T/users/b.mgm/data/CRF --test_path test.bilou_CRF --val_path validation.bilou_CRF --train_path train.bilou_CRF --emb_path /disks/md0-4T/users/b.mgm/data/embedding/pretrained_embedding.txt --word_emb_dim 100 --val_batch_size 64 --char_emb_dim 25 --max_epochs 100 --char_rnn 50 --rnn_dim 100 --word_min_freq 5 --train_batch_size 4 --checkpoint /disks/md0-4T/users/b.mgm/checkpoints/training_39___char_rnn_50__rnn_dim_100__word_min_freq_5__train_batch_size_4  | tee -a /disks/md0-4T/users/b.mgm/logs/training_39___char_rnn_50__rnn_dim_100__word_min_freq_5__train_batch_size_4.log
python /disks/md0-4T/users/b.mgm/model/train.py --data_path /disks/md0-4T/users/b.mgm/data/CRF --test_path test.bilou_CRF --val_path validation.bilou_CRF --train_path train.bilou_CRF --emb_path /disks/md0-4T/users/b.mgm/data/embedding/pretrained_embedding.txt --word_emb_dim 100 --val_batch_size 64 --char_emb_dim 25 --max_epochs 100 --char_rnn 50 --rnn_dim 100 --word_min_freq 5 --train_batch_size 8 --checkpoint /disks/md0-4T/users/b.mgm/checkpoints/training_40___char_rnn_50__rnn_dim_100__word_min_freq_5__train_batch_size_8  | tee -a /disks/md0-4T/users/b.mgm/logs/training_40___char_rnn_50__rnn_dim_100__word_min_freq_5__train_batch_size_8.log
python /disks/md0-4T/users/b.mgm/model/train.py --data_path /disks/md0-4T/users/b.mgm/data/CRF --test_path test.bilou_CRF --val_path validation.bilou_CRF --train_path train.bilou_CRF --emb_path /disks/md0-4T/users/b.mgm/data/embedding/pretrained_embedding.txt --word_emb_dim 100 --val_batch_size 64 --char_emb_dim 25 --max_epochs 100 --char_rnn 50 --rnn_dim 100 --word_min_freq 5 --train_batch_size 16 --checkpoint /disks/md0-4T/users/b.mgm/checkpoints/training_41___char_rnn_50__rnn_dim_100__word_min_freq_5__train_batch_size_16  | tee -a /disks/md0-4T/users/b.mgm/logs/training_41___char_rnn_50__rnn_dim_100__word_min_freq_5__train_batch_size_16.log
python /disks/md0-4T/users/b.mgm/model/train.py --data_path /disks/md0-4T/users/b.mgm/data/CRF --test_path test.bilou_CRF --val_path validation.bilou_CRF --train_path train.bilou_CRF --emb_path /disks/md0-4T/users/b.mgm/data/embedding/pretrained_embedding.txt --word_emb_dim 100 --val_batch_size 64 --char_emb_dim 25 --max_epochs 100 --char_rnn 50 --rnn_dim 100 --word_min_freq 10 --train_batch_size 4 --checkpoint /disks/md0-4T/users/b.mgm/checkpoints/training_42___char_rnn_50__rnn_dim_100__word_min_freq_10__train_batch_size_4  | tee -a /disks/md0-4T/users/b.mgm/logs/training_42___char_rnn_50__rnn_dim_100__word_min_freq_10__train_batch_size_4.log
python /disks/md0-4T/users/b.mgm/model/train.py --data_path /disks/md0-4T/users/b.mgm/data/CRF --test_path test.bilou_CRF --val_path validation.bilou_CRF --train_path train.bilou_CRF --emb_path /disks/md0-4T/users/b.mgm/data/embedding/pretrained_embedding.txt --word_emb_dim 100 --val_batch_size 64 --char_emb_dim 25 --max_epochs 100 --char_rnn 50 --rnn_dim 100 --word_min_freq 10 --train_batch_size 8 --checkpoint /disks/md0-4T/users/b.mgm/checkpoints/training_43___char_rnn_50__rnn_dim_100__word_min_freq_10__train_batch_size_8  | tee -a /disks/md0-4T/users/b.mgm/logs/training_43___char_rnn_50__rnn_dim_100__word_min_freq_10__train_batch_size_8.log
python /disks/md0-4T/users/b.mgm/model/train.py --data_path /disks/md0-4T/users/b.mgm/data/CRF --test_path test.bilou_CRF --val_path validation.bilou_CRF --train_path train.bilou_CRF --emb_path /disks/md0-4T/users/b.mgm/data/embedding/pretrained_embedding.txt --word_emb_dim 100 --val_batch_size 64 --char_emb_dim 25 --max_epochs 100 --char_rnn 50 --rnn_dim 100 --word_min_freq 10 --train_batch_size 16 --checkpoint /disks/md0-4T/users/b.mgm/checkpoints/training_44___char_rnn_50__rnn_dim_100__word_min_freq_10__train_batch_size_16  | tee -a /disks/md0-4T/users/b.mgm/logs/training_44___char_rnn_50__rnn_dim_100__word_min_freq_10__train_batch_size_16.log
python /disks/md0-4T/users/b.mgm/model/train.py --data_path /disks/md0-4T/users/b.mgm/data/CRF --test_path test.bilou_CRF --val_path validation.bilou_CRF --train_path train.bilou_CRF --emb_path /disks/md0-4T/users/b.mgm/data/embedding/pretrained_embedding.txt --word_emb_dim 100 --val_batch_size 64 --char_emb_dim 25 --max_epochs 100 --char_rnn 50 --rnn_dim 150 --word_min_freq 0 --train_batch_size 4 --checkpoint /disks/md0-4T/users/b.mgm/checkpoints/training_45___char_rnn_50__rnn_dim_150__word_min_freq_0__train_batch_size_4  | tee -a /disks/md0-4T/users/b.mgm/logs/training_45___char_rnn_50__rnn_dim_150__word_min_freq_0__train_batch_size_4.log
python /disks/md0-4T/users/b.mgm/model/train.py --data_path /disks/md0-4T/users/b.mgm/data/CRF --test_path test.bilou_CRF --val_path validation.bilou_CRF --train_path train.bilou_CRF --emb_path /disks/md0-4T/users/b.mgm/data/embedding/pretrained_embedding.txt --word_emb_dim 100 --val_batch_size 64 --char_emb_dim 25 --max_epochs 100 --char_rnn 50 --rnn_dim 150 --word_min_freq 0 --train_batch_size 8 --checkpoint /disks/md0-4T/users/b.mgm/checkpoints/training_46___char_rnn_50__rnn_dim_150__word_min_freq_0__train_batch_size_8  | tee -a /disks/md0-4T/users/b.mgm/logs/training_46___char_rnn_50__rnn_dim_150__word_min_freq_0__train_batch_size_8.log
python /disks/md0-4T/users/b.mgm/model/train.py --data_path /disks/md0-4T/users/b.mgm/data/CRF --test_path test.bilou_CRF --val_path validation.bilou_CRF --train_path train.bilou_CRF --emb_path /disks/md0-4T/users/b.mgm/data/embedding/pretrained_embedding.txt --word_emb_dim 100 --val_batch_size 64 --char_emb_dim 25 --max_epochs 100 --char_rnn 50 --rnn_dim 150 --word_min_freq 0 --train_batch_size 16 --checkpoint /disks/md0-4T/users/b.mgm/checkpoints/training_47___char_rnn_50__rnn_dim_150__word_min_freq_0__train_batch_size_16  | tee -a /disks/md0-4T/users/b.mgm/logs/training_47___char_rnn_50__rnn_dim_150__word_min_freq_0__train_batch_size_16.log
python /disks/md0-4T/users/b.mgm/model/train.py --data_path /disks/md0-4T/users/b.mgm/data/CRF --test_path test.bilou_CRF --val_path validation.bilou_CRF --train_path train.bilou_CRF --emb_path /disks/md0-4T/users/b.mgm/data/embedding/pretrained_embedding.txt --word_emb_dim 100 --val_batch_size 64 --char_emb_dim 25 --max_epochs 100 --char_rnn 50 --rnn_dim 150 --word_min_freq 5 --train_batch_size 4 --checkpoint /disks/md0-4T/users/b.mgm/checkpoints/training_48___char_rnn_50__rnn_dim_150__word_min_freq_5__train_batch_size_4  | tee -a /disks/md0-4T/users/b.mgm/logs/training_48___char_rnn_50__rnn_dim_150__word_min_freq_5__train_batch_size_4.log
python /disks/md0-4T/users/b.mgm/model/train.py --data_path /disks/md0-4T/users/b.mgm/data/CRF --test_path test.bilou_CRF --val_path validation.bilou_CRF --train_path train.bilou_CRF --emb_path /disks/md0-4T/users/b.mgm/data/embedding/pretrained_embedding.txt --word_emb_dim 100 --val_batch_size 64 --char_emb_dim 25 --max_epochs 100 --char_rnn 50 --rnn_dim 150 --word_min_freq 5 --train_batch_size 8 --checkpoint /disks/md0-4T/users/b.mgm/checkpoints/training_49___char_rnn_50__rnn_dim_150__word_min_freq_5__train_batch_size_8  | tee -a /disks/md0-4T/users/b.mgm/logs/training_49___char_rnn_50__rnn_dim_150__word_min_freq_5__train_batch_size_8.log
python /disks/md0-4T/users/b.mgm/model/train.py --data_path /disks/md0-4T/users/b.mgm/data/CRF --test_path test.bilou_CRF --val_path validation.bilou_CRF --train_path train.bilou_CRF --emb_path /disks/md0-4T/users/b.mgm/data/embedding/pretrained_embedding.txt --word_emb_dim 100 --val_batch_size 64 --char_emb_dim 25 --max_epochs 100 --char_rnn 50 --rnn_dim 150 --word_min_freq 5 --train_batch_size 16 --checkpoint /disks/md0-4T/users/b.mgm/checkpoints/training_50___char_rnn_50__rnn_dim_150__word_min_freq_5__train_batch_size_16  | tee -a /disks/md0-4T/users/b.mgm/logs/training_50___char_rnn_50__rnn_dim_150__word_min_freq_5__train_batch_size_16.log
python /disks/md0-4T/users/b.mgm/model/train.py --data_path /disks/md0-4T/users/b.mgm/data/CRF --test_path test.bilou_CRF --val_path validation.bilou_CRF --train_path train.bilou_CRF --emb_path /disks/md0-4T/users/b.mgm/data/embedding/pretrained_embedding.txt --word_emb_dim 100 --val_batch_size 64 --char_emb_dim 25 --max_epochs 100 --char_rnn 50 --rnn_dim 150 --word_min_freq 10 --train_batch_size 4 --checkpoint /disks/md0-4T/users/b.mgm/checkpoints/training_51___char_rnn_50__rnn_dim_150__word_min_freq_10__train_batch_size_4  | tee -a /disks/md0-4T/users/b.mgm/logs/training_51___char_rnn_50__rnn_dim_150__word_min_freq_10__train_batch_size_4.log
python /disks/md0-4T/users/b.mgm/model/train.py --data_path /disks/md0-4T/users/b.mgm/data/CRF --test_path test.bilou_CRF --val_path validation.bilou_CRF --train_path train.bilou_CRF --emb_path /disks/md0-4T/users/b.mgm/data/embedding/pretrained_embedding.txt --word_emb_dim 100 --val_batch_size 64 --char_emb_dim 25 --max_epochs 100 --char_rnn 50 --rnn_dim 150 --word_min_freq 10 --train_batch_size 8 --checkpoint /disks/md0-4T/users/b.mgm/checkpoints/training_52___char_rnn_50__rnn_dim_150__word_min_freq_10__train_batch_size_8  | tee -a /disks/md0-4T/users/b.mgm/logs/training_52___char_rnn_50__rnn_dim_150__word_min_freq_10__train_batch_size_8.log
python /disks/md0-4T/users/b.mgm/model/train.py --data_path /disks/md0-4T/users/b.mgm/data/CRF --test_path test.bilou_CRF --val_path validation.bilou_CRF --train_path train.bilou_CRF --emb_path /disks/md0-4T/users/b.mgm/data/embedding/pretrained_embedding.txt --word_emb_dim 100 --val_batch_size 64 --char_emb_dim 25 --max_epochs 100 --char_rnn 50 --rnn_dim 150 --word_min_freq 10 --train_batch_size 16 --checkpoint /disks/md0-4T/users/b.mgm/checkpoints/training_53___char_rnn_50__rnn_dim_150__word_min_freq_10__train_batch_size_16  | tee -a /disks/md0-4T/users/b.mgm/logs/training_53___char_rnn_50__rnn_dim_150__word_min_freq_10__train_batch_size_16.log
python /disks/md0-4T/users/b.mgm/model/train.py --data_path /disks/md0-4T/users/b.mgm/data/CRF --test_path test.bilou_CRF --val_path validation.bilou_CRF --train_path train.bilou_CRF --emb_path /disks/md0-4T/users/b.mgm/data/embedding/pretrained_embedding.txt --word_emb_dim 100 --val_batch_size 64 --char_emb_dim 25 --max_epochs 100 --char_rnn 50 --rnn_dim 200 --word_min_freq 0 --train_batch_size 4 --checkpoint /disks/md0-4T/users/b.mgm/checkpoints/training_54___char_rnn_50__rnn_dim_200__word_min_freq_0__train_batch_size_4  | tee -a /disks/md0-4T/users/b.mgm/logs/training_54___char_rnn_50__rnn_dim_200__word_min_freq_0__train_batch_size_4.log
python /disks/md0-4T/users/b.mgm/model/train.py --data_path /disks/md0-4T/users/b.mgm/data/CRF --test_path test.bilou_CRF --val_path validation.bilou_CRF --train_path train.bilou_CRF --emb_path /disks/md0-4T/users/b.mgm/data/embedding/pretrained_embedding.txt --word_emb_dim 100 --val_batch_size 64 --char_emb_dim 25 --max_epochs 100 --char_rnn 50 --rnn_dim 200 --word_min_freq 0 --train_batch_size 8 --checkpoint /disks/md0-4T/users/b.mgm/checkpoints/training_55___char_rnn_50__rnn_dim_200__word_min_freq_0__train_batch_size_8  | tee -a /disks/md0-4T/users/b.mgm/logs/training_55___char_rnn_50__rnn_dim_200__word_min_freq_0__train_batch_size_8.log
python /disks/md0-4T/users/b.mgm/model/train.py --data_path /disks/md0-4T/users/b.mgm/data/CRF --test_path test.bilou_CRF --val_path validation.bilou_CRF --train_path train.bilou_CRF --emb_path /disks/md0-4T/users/b.mgm/data/embedding/pretrained_embedding.txt --word_emb_dim 100 --val_batch_size 64 --char_emb_dim 25 --max_epochs 100 --char_rnn 50 --rnn_dim 200 --word_min_freq 0 --train_batch_size 16 --checkpoint /disks/md0-4T/users/b.mgm/checkpoints/training_56___char_rnn_50__rnn_dim_200__word_min_freq_0__train_batch_size_16  | tee -a /disks/md0-4T/users/b.mgm/logs/training_56___char_rnn_50__rnn_dim_200__word_min_freq_0__train_batch_size_16.log
python /disks/md0-4T/users/b.mgm/model/train.py --data_path /disks/md0-4T/users/b.mgm/data/CRF --test_path test.bilou_CRF --val_path validation.bilou_CRF --train_path train.bilou_CRF --emb_path /disks/md0-4T/users/b.mgm/data/embedding/pretrained_embedding.txt --word_emb_dim 100 --val_batch_size 64 --char_emb_dim 25 --max_epochs 100 --char_rnn 50 --rnn_dim 200 --word_min_freq 5 --train_batch_size 4 --checkpoint /disks/md0-4T/users/b.mgm/checkpoints/training_57___char_rnn_50__rnn_dim_200__word_min_freq_5__train_batch_size_4  | tee -a /disks/md0-4T/users/b.mgm/logs/training_57___char_rnn_50__rnn_dim_200__word_min_freq_5__train_batch_size_4.log
python /disks/md0-4T/users/b.mgm/model/train.py --data_path /disks/md0-4T/users/b.mgm/data/CRF --test_path test.bilou_CRF --val_path validation.bilou_CRF --train_path train.bilou_CRF --emb_path /disks/md0-4T/users/b.mgm/data/embedding/pretrained_embedding.txt --word_emb_dim 100 --val_batch_size 64 --char_emb_dim 25 --max_epochs 100 --char_rnn 50 --rnn_dim 200 --word_min_freq 5 --train_batch_size 8 --checkpoint /disks/md0-4T/users/b.mgm/checkpoints/training_58___char_rnn_50__rnn_dim_200__word_min_freq_5__train_batch_size_8  | tee -a /disks/md0-4T/users/b.mgm/logs/training_58___char_rnn_50__rnn_dim_200__word_min_freq_5__train_batch_size_8.log
python /disks/md0-4T/users/b.mgm/model/train.py --data_path /disks/md0-4T/users/b.mgm/data/CRF --test_path test.bilou_CRF --val_path validation.bilou_CRF --train_path train.bilou_CRF --emb_path /disks/md0-4T/users/b.mgm/data/embedding/pretrained_embedding.txt --word_emb_dim 100 --val_batch_size 64 --char_emb_dim 25 --max_epochs 100 --char_rnn 50 --rnn_dim 200 --word_min_freq 5 --train_batch_size 16 --checkpoint /disks/md0-4T/users/b.mgm/checkpoints/training_59___char_rnn_50__rnn_dim_200__word_min_freq_5__train_batch_size_16  | tee -a /disks/md0-4T/users/b.mgm/logs/training_59___char_rnn_50__rnn_dim_200__word_min_freq_5__train_batch_size_16.log
python /disks/md0-4T/users/b.mgm/model/train.py --data_path /disks/md0-4T/users/b.mgm/data/CRF --test_path test.bilou_CRF --val_path validation.bilou_CRF --train_path train.bilou_CRF --emb_path /disks/md0-4T/users/b.mgm/data/embedding/pretrained_embedding.txt --word_emb_dim 100 --val_batch_size 64 --char_emb_dim 25 --max_epochs 100 --char_rnn 50 --rnn_dim 200 --word_min_freq 10 --train_batch_size 4 --checkpoint /disks/md0-4T/users/b.mgm/checkpoints/training_60___char_rnn_50__rnn_dim_200__word_min_freq_10__train_batch_size_4  | tee -a /disks/md0-4T/users/b.mgm/logs/training_60___char_rnn_50__rnn_dim_200__word_min_freq_10__train_batch_size_4.log
python /disks/md0-4T/users/b.mgm/model/train.py --data_path /disks/md0-4T/users/b.mgm/data/CRF --test_path test.bilou_CRF --val_path validation.bilou_CRF --train_path train.bilou_CRF --emb_path /disks/md0-4T/users/b.mgm/data/embedding/pretrained_embedding.txt --word_emb_dim 100 --val_batch_size 64 --char_emb_dim 25 --max_epochs 100 --char_rnn 50 --rnn_dim 200 --word_min_freq 10 --train_batch_size 8 --checkpoint /disks/md0-4T/users/b.mgm/checkpoints/training_61___char_rnn_50__rnn_dim_200__word_min_freq_10__train_batch_size_8  | tee -a /disks/md0-4T/users/b.mgm/logs/training_61___char_rnn_50__rnn_dim_200__word_min_freq_10__train_batch_size_8.log
python /disks/md0-4T/users/b.mgm/model/train.py --data_path /disks/md0-4T/users/b.mgm/data/CRF --test_path test.bilou_CRF --val_path validation.bilou_CRF --train_path train.bilou_CRF --emb_path /disks/md0-4T/users/b.mgm/data/embedding/pretrained_embedding.txt --word_emb_dim 100 --val_batch_size 64 --char_emb_dim 25 --max_epochs 100 --char_rnn 50 --rnn_dim 200 --word_min_freq 10 --train_batch_size 16 --checkpoint /disks/md0-4T/users/b.mgm/checkpoints/training_62___char_rnn_50__rnn_dim_200__word_min_freq_10__train_batch_size_16  | tee -a /disks/md0-4T/users/b.mgm/logs/training_62___char_rnn_50__rnn_dim_200__word_min_freq_10__train_batch_size_16.log
python /disks/md0-4T/users/b.mgm/model/train.py --data_path /disks/md0-4T/users/b.mgm/data/CRF --test_path test.bilou_CRF --val_path validation.bilou_CRF --train_path train.bilou_CRF --emb_path /disks/md0-4T/users/b.mgm/data/embedding/pretrained_embedding.txt --word_emb_dim 100 --val_batch_size 64 --char_emb_dim 25 --max_epochs 100 --char_rnn 50 --rnn_dim 300 --word_min_freq 0 --train_batch_size 4 --checkpoint /disks/md0-4T/users/b.mgm/checkpoints/training_63___char_rnn_50__rnn_dim_300__word_min_freq_0__train_batch_size_4  | tee -a /disks/md0-4T/users/b.mgm/logs/training_63___char_rnn_50__rnn_dim_300__word_min_freq_0__train_batch_size_4.log
python /disks/md0-4T/users/b.mgm/model/train.py --data_path /disks/md0-4T/users/b.mgm/data/CRF --test_path test.bilou_CRF --val_path validation.bilou_CRF --train_path train.bilou_CRF --emb_path /disks/md0-4T/users/b.mgm/data/embedding/pretrained_embedding.txt --word_emb_dim 100 --val_batch_size 64 --char_emb_dim 25 --max_epochs 100 --char_rnn 50 --rnn_dim 300 --word_min_freq 0 --train_batch_size 8 --checkpoint /disks/md0-4T/users/b.mgm/checkpoints/training_64___char_rnn_50__rnn_dim_300__word_min_freq_0__train_batch_size_8  | tee -a /disks/md0-4T/users/b.mgm/logs/training_64___char_rnn_50__rnn_dim_300__word_min_freq_0__train_batch_size_8.log
python /disks/md0-4T/users/b.mgm/model/train.py --data_path /disks/md0-4T/users/b.mgm/data/CRF --test_path test.bilou_CRF --val_path validation.bilou_CRF --train_path train.bilou_CRF --emb_path /disks/md0-4T/users/b.mgm/data/embedding/pretrained_embedding.txt --word_emb_dim 100 --val_batch_size 64 --char_emb_dim 25 --max_epochs 100 --char_rnn 50 --rnn_dim 300 --word_min_freq 0 --train_batch_size 16 --checkpoint /disks/md0-4T/users/b.mgm/checkpoints/training_65___char_rnn_50__rnn_dim_300__word_min_freq_0__train_batch_size_16  | tee -a /disks/md0-4T/users/b.mgm/logs/training_65___char_rnn_50__rnn_dim_300__word_min_freq_0__train_batch_size_16.log
python /disks/md0-4T/users/b.mgm/model/train.py --data_path /disks/md0-4T/users/b.mgm/data/CRF --test_path test.bilou_CRF --val_path validation.bilou_CRF --train_path train.bilou_CRF --emb_path /disks/md0-4T/users/b.mgm/data/embedding/pretrained_embedding.txt --word_emb_dim 100 --val_batch_size 64 --char_emb_dim 25 --max_epochs 100 --char_rnn 50 --rnn_dim 300 --word_min_freq 5 --train_batch_size 4 --checkpoint /disks/md0-4T/users/b.mgm/checkpoints/training_66___char_rnn_50__rnn_dim_300__word_min_freq_5__train_batch_size_4  | tee -a /disks/md0-4T/users/b.mgm/logs/training_66___char_rnn_50__rnn_dim_300__word_min_freq_5__train_batch_size_4.log
python /disks/md0-4T/users/b.mgm/model/train.py --data_path /disks/md0-4T/users/b.mgm/data/CRF --test_path test.bilou_CRF --val_path validation.bilou_CRF --train_path train.bilou_CRF --emb_path /disks/md0-4T/users/b.mgm/data/embedding/pretrained_embedding.txt --word_emb_dim 100 --val_batch_size 64 --char_emb_dim 25 --max_epochs 100 --char_rnn 50 --rnn_dim 300 --word_min_freq 5 --train_batch_size 8 --checkpoint /disks/md0-4T/users/b.mgm/checkpoints/training_67___char_rnn_50__rnn_dim_300__word_min_freq_5__train_batch_size_8  | tee -a /disks/md0-4T/users/b.mgm/logs/training_67___char_rnn_50__rnn_dim_300__word_min_freq_5__train_batch_size_8.log
python /disks/md0-4T/users/b.mgm/model/train.py --data_path /disks/md0-4T/users/b.mgm/data/CRF --test_path test.bilou_CRF --val_path validation.bilou_CRF --train_path train.bilou_CRF --emb_path /disks/md0-4T/users/b.mgm/data/embedding/pretrained_embedding.txt --word_emb_dim 100 --val_batch_size 64 --char_emb_dim 25 --max_epochs 100 --char_rnn 50 --rnn_dim 300 --word_min_freq 5 --train_batch_size 16 --checkpoint /disks/md0-4T/users/b.mgm/checkpoints/training_68___char_rnn_50__rnn_dim_300__word_min_freq_5__train_batch_size_16  | tee -a /disks/md0-4T/users/b.mgm/logs/training_68___char_rnn_50__rnn_dim_300__word_min_freq_5__train_batch_size_16.log
python /disks/md0-4T/users/b.mgm/model/train.py --data_path /disks/md0-4T/users/b.mgm/data/CRF --test_path test.bilou_CRF --val_path validation.bilou_CRF --train_path train.bilou_CRF --emb_path /disks/md0-4T/users/b.mgm/data/embedding/pretrained_embedding.txt --word_emb_dim 100 --val_batch_size 64 --char_emb_dim 25 --max_epochs 100 --char_rnn 50 --rnn_dim 300 --word_min_freq 10 --train_batch_size 4 --checkpoint /disks/md0-4T/users/b.mgm/checkpoints/training_69___char_rnn_50__rnn_dim_300__word_min_freq_10__train_batch_size_4  | tee -a /disks/md0-4T/users/b.mgm/logs/training_69___char_rnn_50__rnn_dim_300__word_min_freq_10__train_batch_size_4.log
python /disks/md0-4T/users/b.mgm/model/train.py --data_path /disks/md0-4T/users/b.mgm/data/CRF --test_path test.bilou_CRF --val_path validation.bilou_CRF --train_path train.bilou_CRF --emb_path /disks/md0-4T/users/b.mgm/data/embedding/pretrained_embedding.txt --word_emb_dim 100 --val_batch_size 64 --char_emb_dim 25 --max_epochs 100 --char_rnn 50 --rnn_dim 300 --word_min_freq 10 --train_batch_size 8 --checkpoint /disks/md0-4T/users/b.mgm/checkpoints/training_70___char_rnn_50__rnn_dim_300__word_min_freq_10__train_batch_size_8  | tee -a /disks/md0-4T/users/b.mgm/logs/training_70___char_rnn_50__rnn_dim_300__word_min_freq_10__train_batch_size_8.log
python /disks/md0-4T/users/b.mgm/model/train.py --data_path /disks/md0-4T/users/b.mgm/data/CRF --test_path test.bilou_CRF --val_path validation.bilou_CRF --train_path train.bilou_CRF --emb_path /disks/md0-4T/users/b.mgm/data/embedding/pretrained_embedding.txt --word_emb_dim 100 --val_batch_size 64 --char_emb_dim 25 --max_epochs 100 --char_rnn 50 --rnn_dim 300 --word_min_freq 10 --train_batch_size 16 --checkpoint /disks/md0-4T/users/b.mgm/checkpoints/training_71___char_rnn_50__rnn_dim_300__word_min_freq_10__train_batch_size_16  | tee -a /disks/md0-4T/users/b.mgm/logs/training_71___char_rnn_50__rnn_dim_300__word_min_freq_10__train_batch_size_16.log
