python /disks/md0-4T/users/b.mgm/model/train.py --data_path /disks/md0-4T/users/b.mgm/data/CRF --train_path train.bilou_CRF --val_path validation.bilou_CRF --test_path test.bilou_CRF --emb_path /disks/md0-4T/users/b.mgm/data/embedding/pretrained_embedding.txt --char_emb_dim 25 --word_emb_dim 100 --val_batch_size 64 --max_epochs 100 --rnn_dim 100 --checkpoint /disks/md0-4T/users/b.mgm/checkpoints/training_0___rnn_dim_100 --char_rnn 25 --checkpoint /disks/md0-4T/users/b.mgm/checkpoints/training_0___rnn_dim_100__char_rnn_25 --word_min_freq 0 --checkpoint /disks/md0-4T/users/b.mgm/checkpoints/training_0___rnn_dim_100__char_rnn_25__word_min_freq_0 --train_batch_size 4 --checkpoint /disks/md0-4T/users/b.mgm/checkpoints/training_0___rnn_dim_100__char_rnn_25__word_min_freq_0__train_batch_size_4 | tee -a /disks/md0-4T/users/b.mgm/logs/training_0___rnn_dim_100__char_rnn_25__word_min_freq_0__train_batch_size_4.log
python /disks/md0-4T/users/b.mgm/model/train.py --data_path /disks/md0-4T/users/b.mgm/data/CRF --train_path train.bilou_CRF --val_path validation.bilou_CRF --test_path test.bilou_CRF --emb_path /disks/md0-4T/users/b.mgm/data/embedding/pretrained_embedding.txt --char_emb_dim 25 --word_emb_dim 100 --val_batch_size 64 --max_epochs 100 --rnn_dim 100 --checkpoint /disks/md0-4T/users/b.mgm/checkpoints/training_1___rnn_dim_100 --char_rnn 25 --checkpoint /disks/md0-4T/users/b.mgm/checkpoints/training_1___rnn_dim_100__char_rnn_25 --word_min_freq 0 --checkpoint /disks/md0-4T/users/b.mgm/checkpoints/training_1___rnn_dim_100__char_rnn_25__word_min_freq_0 --train_batch_size 8 --checkpoint /disks/md0-4T/users/b.mgm/checkpoints/training_1___rnn_dim_100__char_rnn_25__word_min_freq_0__train_batch_size_8 | tee -a /disks/md0-4T/users/b.mgm/logs/training_1___rnn_dim_100__char_rnn_25__word_min_freq_0__train_batch_size_8.log
python /disks/md0-4T/users/b.mgm/model/train.py --data_path /disks/md0-4T/users/b.mgm/data/CRF --train_path train.bilou_CRF --val_path validation.bilou_CRF --test_path test.bilou_CRF --emb_path /disks/md0-4T/users/b.mgm/data/embedding/pretrained_embedding.txt --char_emb_dim 25 --word_emb_dim 100 --val_batch_size 64 --max_epochs 100 --rnn_dim 100 --checkpoint /disks/md0-4T/users/b.mgm/checkpoints/training_2___rnn_dim_100 --char_rnn 25 --checkpoint /disks/md0-4T/users/b.mgm/checkpoints/training_2___rnn_dim_100__char_rnn_25 --word_min_freq 0 --checkpoint /disks/md0-4T/users/b.mgm/checkpoints/training_2___rnn_dim_100__char_rnn_25__word_min_freq_0 --train_batch_size 16 --checkpoint /disks/md0-4T/users/b.mgm/checkpoints/training_2___rnn_dim_100__char_rnn_25__word_min_freq_0__train_batch_size_16 | tee -a /disks/md0-4T/users/b.mgm/logs/training_2___rnn_dim_100__char_rnn_25__word_min_freq_0__train_batch_size_16.log
python /disks/md0-4T/users/b.mgm/model/train.py --data_path /disks/md0-4T/users/b.mgm/data/CRF --train_path train.bilou_CRF --val_path validation.bilou_CRF --test_path test.bilou_CRF --emb_path /disks/md0-4T/users/b.mgm/data/embedding/pretrained_embedding.txt --char_emb_dim 25 --word_emb_dim 100 --val_batch_size 64 --max_epochs 100 --rnn_dim 100 --checkpoint /disks/md0-4T/users/b.mgm/checkpoints/training_3___rnn_dim_100 --char_rnn 25 --checkpoint /disks/md0-4T/users/b.mgm/checkpoints/training_3___rnn_dim_100__char_rnn_25 --word_min_freq 5 --checkpoint /disks/md0-4T/users/b.mgm/checkpoints/training_3___rnn_dim_100__char_rnn_25__word_min_freq_5 --train_batch_size 4 --checkpoint /disks/md0-4T/users/b.mgm/checkpoints/training_3___rnn_dim_100__char_rnn_25__word_min_freq_5__train_batch_size_4 | tee -a /disks/md0-4T/users/b.mgm/logs/training_3___rnn_dim_100__char_rnn_25__word_min_freq_5__train_batch_size_4.log
python /disks/md0-4T/users/b.mgm/model/train.py --data_path /disks/md0-4T/users/b.mgm/data/CRF --train_path train.bilou_CRF --val_path validation.bilou_CRF --test_path test.bilou_CRF --emb_path /disks/md0-4T/users/b.mgm/data/embedding/pretrained_embedding.txt --char_emb_dim 25 --word_emb_dim 100 --val_batch_size 64 --max_epochs 100 --rnn_dim 100 --checkpoint /disks/md0-4T/users/b.mgm/checkpoints/training_4___rnn_dim_100 --char_rnn 25 --checkpoint /disks/md0-4T/users/b.mgm/checkpoints/training_4___rnn_dim_100__char_rnn_25 --word_min_freq 5 --checkpoint /disks/md0-4T/users/b.mgm/checkpoints/training_4___rnn_dim_100__char_rnn_25__word_min_freq_5 --train_batch_size 8 --checkpoint /disks/md0-4T/users/b.mgm/checkpoints/training_4___rnn_dim_100__char_rnn_25__word_min_freq_5__train_batch_size_8 | tee -a /disks/md0-4T/users/b.mgm/logs/training_4___rnn_dim_100__char_rnn_25__word_min_freq_5__train_batch_size_8.log
python /disks/md0-4T/users/b.mgm/model/train.py --data_path /disks/md0-4T/users/b.mgm/data/CRF --train_path train.bilou_CRF --val_path validation.bilou_CRF --test_path test.bilou_CRF --emb_path /disks/md0-4T/users/b.mgm/data/embedding/pretrained_embedding.txt --char_emb_dim 25 --word_emb_dim 100 --val_batch_size 64 --max_epochs 100 --rnn_dim 100 --checkpoint /disks/md0-4T/users/b.mgm/checkpoints/training_5___rnn_dim_100 --char_rnn 25 --checkpoint /disks/md0-4T/users/b.mgm/checkpoints/training_5___rnn_dim_100__char_rnn_25 --word_min_freq 5 --checkpoint /disks/md0-4T/users/b.mgm/checkpoints/training_5___rnn_dim_100__char_rnn_25__word_min_freq_5 --train_batch_size 16 --checkpoint /disks/md0-4T/users/b.mgm/checkpoints/training_5___rnn_dim_100__char_rnn_25__word_min_freq_5__train_batch_size_16 | tee -a /disks/md0-4T/users/b.mgm/logs/training_5___rnn_dim_100__char_rnn_25__word_min_freq_5__train_batch_size_16.log
python /disks/md0-4T/users/b.mgm/model/train.py --data_path /disks/md0-4T/users/b.mgm/data/CRF --train_path train.bilou_CRF --val_path validation.bilou_CRF --test_path test.bilou_CRF --emb_path /disks/md0-4T/users/b.mgm/data/embedding/pretrained_embedding.txt --char_emb_dim 25 --word_emb_dim 100 --val_batch_size 64 --max_epochs 100 --rnn_dim 100 --checkpoint /disks/md0-4T/users/b.mgm/checkpoints/training_6___rnn_dim_100 --char_rnn 25 --checkpoint /disks/md0-4T/users/b.mgm/checkpoints/training_6___rnn_dim_100__char_rnn_25 --word_min_freq 10 --checkpoint /disks/md0-4T/users/b.mgm/checkpoints/training_6___rnn_dim_100__char_rnn_25__word_min_freq_10 --train_batch_size 4 --checkpoint /disks/md0-4T/users/b.mgm/checkpoints/training_6___rnn_dim_100__char_rnn_25__word_min_freq_10__train_batch_size_4 | tee -a /disks/md0-4T/users/b.mgm/logs/training_6___rnn_dim_100__char_rnn_25__word_min_freq_10__train_batch_size_4.log
python /disks/md0-4T/users/b.mgm/model/train.py --data_path /disks/md0-4T/users/b.mgm/data/CRF --train_path train.bilou_CRF --val_path validation.bilou_CRF --test_path test.bilou_CRF --emb_path /disks/md0-4T/users/b.mgm/data/embedding/pretrained_embedding.txt --char_emb_dim 25 --word_emb_dim 100 --val_batch_size 64 --max_epochs 100 --rnn_dim 100 --checkpoint /disks/md0-4T/users/b.mgm/checkpoints/training_7___rnn_dim_100 --char_rnn 25 --checkpoint /disks/md0-4T/users/b.mgm/checkpoints/training_7___rnn_dim_100__char_rnn_25 --word_min_freq 10 --checkpoint /disks/md0-4T/users/b.mgm/checkpoints/training_7___rnn_dim_100__char_rnn_25__word_min_freq_10 --train_batch_size 8 --checkpoint /disks/md0-4T/users/b.mgm/checkpoints/training_7___rnn_dim_100__char_rnn_25__word_min_freq_10__train_batch_size_8 | tee -a /disks/md0-4T/users/b.mgm/logs/training_7___rnn_dim_100__char_rnn_25__word_min_freq_10__train_batch_size_8.log
python /disks/md0-4T/users/b.mgm/model/train.py --data_path /disks/md0-4T/users/b.mgm/data/CRF --train_path train.bilou_CRF --val_path validation.bilou_CRF --test_path test.bilou_CRF --emb_path /disks/md0-4T/users/b.mgm/data/embedding/pretrained_embedding.txt --char_emb_dim 25 --word_emb_dim 100 --val_batch_size 64 --max_epochs 100 --rnn_dim 100 --checkpoint /disks/md0-4T/users/b.mgm/checkpoints/training_8___rnn_dim_100 --char_rnn 25 --checkpoint /disks/md0-4T/users/b.mgm/checkpoints/training_8___rnn_dim_100__char_rnn_25 --word_min_freq 10 --checkpoint /disks/md0-4T/users/b.mgm/checkpoints/training_8___rnn_dim_100__char_rnn_25__word_min_freq_10 --train_batch_size 16 --checkpoint /disks/md0-4T/users/b.mgm/checkpoints/training_8___rnn_dim_100__char_rnn_25__word_min_freq_10__train_batch_size_16 | tee -a /disks/md0-4T/users/b.mgm/logs/training_8___rnn_dim_100__char_rnn_25__word_min_freq_10__train_batch_size_16.log
python /disks/md0-4T/users/b.mgm/model/train.py --data_path /disks/md0-4T/users/b.mgm/data/CRF --train_path train.bilou_CRF --val_path validation.bilou_CRF --test_path test.bilou_CRF --emb_path /disks/md0-4T/users/b.mgm/data/embedding/pretrained_embedding.txt --char_emb_dim 25 --word_emb_dim 100 --val_batch_size 64 --max_epochs 100 --rnn_dim 100 --checkpoint /disks/md0-4T/users/b.mgm/checkpoints/training_9___rnn_dim_100 --char_rnn 50 --checkpoint /disks/md0-4T/users/b.mgm/checkpoints/training_9___rnn_dim_100__char_rnn_50 --word_min_freq 0 --checkpoint /disks/md0-4T/users/b.mgm/checkpoints/training_9___rnn_dim_100__char_rnn_50__word_min_freq_0 --train_batch_size 4 --checkpoint /disks/md0-4T/users/b.mgm/checkpoints/training_9___rnn_dim_100__char_rnn_50__word_min_freq_0__train_batch_size_4 | tee -a /disks/md0-4T/users/b.mgm/logs/training_9___rnn_dim_100__char_rnn_50__word_min_freq_0__train_batch_size_4.log
python /disks/md0-4T/users/b.mgm/model/train.py --data_path /disks/md0-4T/users/b.mgm/data/CRF --train_path train.bilou_CRF --val_path validation.bilou_CRF --test_path test.bilou_CRF --emb_path /disks/md0-4T/users/b.mgm/data/embedding/pretrained_embedding.txt --char_emb_dim 25 --word_emb_dim 100 --val_batch_size 64 --max_epochs 100 --rnn_dim 100 --checkpoint /disks/md0-4T/users/b.mgm/checkpoints/training_10___rnn_dim_100 --char_rnn 50 --checkpoint /disks/md0-4T/users/b.mgm/checkpoints/training_10___rnn_dim_100__char_rnn_50 --word_min_freq 0 --checkpoint /disks/md0-4T/users/b.mgm/checkpoints/training_10___rnn_dim_100__char_rnn_50__word_min_freq_0 --train_batch_size 8 --checkpoint /disks/md0-4T/users/b.mgm/checkpoints/training_10___rnn_dim_100__char_rnn_50__word_min_freq_0__train_batch_size_8 | tee -a /disks/md0-4T/users/b.mgm/logs/training_10___rnn_dim_100__char_rnn_50__word_min_freq_0__train_batch_size_8.log
python /disks/md0-4T/users/b.mgm/model/train.py --data_path /disks/md0-4T/users/b.mgm/data/CRF --train_path train.bilou_CRF --val_path validation.bilou_CRF --test_path test.bilou_CRF --emb_path /disks/md0-4T/users/b.mgm/data/embedding/pretrained_embedding.txt --char_emb_dim 25 --word_emb_dim 100 --val_batch_size 64 --max_epochs 100 --rnn_dim 100 --checkpoint /disks/md0-4T/users/b.mgm/checkpoints/training_11___rnn_dim_100 --char_rnn 50 --checkpoint /disks/md0-4T/users/b.mgm/checkpoints/training_11___rnn_dim_100__char_rnn_50 --word_min_freq 0 --checkpoint /disks/md0-4T/users/b.mgm/checkpoints/training_11___rnn_dim_100__char_rnn_50__word_min_freq_0 --train_batch_size 16 --checkpoint /disks/md0-4T/users/b.mgm/checkpoints/training_11___rnn_dim_100__char_rnn_50__word_min_freq_0__train_batch_size_16 | tee -a /disks/md0-4T/users/b.mgm/logs/training_11___rnn_dim_100__char_rnn_50__word_min_freq_0__train_batch_size_16.log
python /disks/md0-4T/users/b.mgm/model/train.py --data_path /disks/md0-4T/users/b.mgm/data/CRF --train_path train.bilou_CRF --val_path validation.bilou_CRF --test_path test.bilou_CRF --emb_path /disks/md0-4T/users/b.mgm/data/embedding/pretrained_embedding.txt --char_emb_dim 25 --word_emb_dim 100 --val_batch_size 64 --max_epochs 100 --rnn_dim 100 --checkpoint /disks/md0-4T/users/b.mgm/checkpoints/training_12___rnn_dim_100 --char_rnn 50 --checkpoint /disks/md0-4T/users/b.mgm/checkpoints/training_12___rnn_dim_100__char_rnn_50 --word_min_freq 5 --checkpoint /disks/md0-4T/users/b.mgm/checkpoints/training_12___rnn_dim_100__char_rnn_50__word_min_freq_5 --train_batch_size 4 --checkpoint /disks/md0-4T/users/b.mgm/checkpoints/training_12___rnn_dim_100__char_rnn_50__word_min_freq_5__train_batch_size_4 | tee -a /disks/md0-4T/users/b.mgm/logs/training_12___rnn_dim_100__char_rnn_50__word_min_freq_5__train_batch_size_4.log
python /disks/md0-4T/users/b.mgm/model/train.py --data_path /disks/md0-4T/users/b.mgm/data/CRF --train_path train.bilou_CRF --val_path validation.bilou_CRF --test_path test.bilou_CRF --emb_path /disks/md0-4T/users/b.mgm/data/embedding/pretrained_embedding.txt --char_emb_dim 25 --word_emb_dim 100 --val_batch_size 64 --max_epochs 100 --rnn_dim 100 --checkpoint /disks/md0-4T/users/b.mgm/checkpoints/training_13___rnn_dim_100 --char_rnn 50 --checkpoint /disks/md0-4T/users/b.mgm/checkpoints/training_13___rnn_dim_100__char_rnn_50 --word_min_freq 5 --checkpoint /disks/md0-4T/users/b.mgm/checkpoints/training_13___rnn_dim_100__char_rnn_50__word_min_freq_5 --train_batch_size 8 --checkpoint /disks/md0-4T/users/b.mgm/checkpoints/training_13___rnn_dim_100__char_rnn_50__word_min_freq_5__train_batch_size_8 | tee -a /disks/md0-4T/users/b.mgm/logs/training_13___rnn_dim_100__char_rnn_50__word_min_freq_5__train_batch_size_8.log
python /disks/md0-4T/users/b.mgm/model/train.py --data_path /disks/md0-4T/users/b.mgm/data/CRF --train_path train.bilou_CRF --val_path validation.bilou_CRF --test_path test.bilou_CRF --emb_path /disks/md0-4T/users/b.mgm/data/embedding/pretrained_embedding.txt --char_emb_dim 25 --word_emb_dim 100 --val_batch_size 64 --max_epochs 100 --rnn_dim 100 --checkpoint /disks/md0-4T/users/b.mgm/checkpoints/training_14___rnn_dim_100 --char_rnn 50 --checkpoint /disks/md0-4T/users/b.mgm/checkpoints/training_14___rnn_dim_100__char_rnn_50 --word_min_freq 5 --checkpoint /disks/md0-4T/users/b.mgm/checkpoints/training_14___rnn_dim_100__char_rnn_50__word_min_freq_5 --train_batch_size 16 --checkpoint /disks/md0-4T/users/b.mgm/checkpoints/training_14___rnn_dim_100__char_rnn_50__word_min_freq_5__train_batch_size_16 | tee -a /disks/md0-4T/users/b.mgm/logs/training_14___rnn_dim_100__char_rnn_50__word_min_freq_5__train_batch_size_16.log
python /disks/md0-4T/users/b.mgm/model/train.py --data_path /disks/md0-4T/users/b.mgm/data/CRF --train_path train.bilou_CRF --val_path validation.bilou_CRF --test_path test.bilou_CRF --emb_path /disks/md0-4T/users/b.mgm/data/embedding/pretrained_embedding.txt --char_emb_dim 25 --word_emb_dim 100 --val_batch_size 64 --max_epochs 100 --rnn_dim 100 --checkpoint /disks/md0-4T/users/b.mgm/checkpoints/training_15___rnn_dim_100 --char_rnn 50 --checkpoint /disks/md0-4T/users/b.mgm/checkpoints/training_15___rnn_dim_100__char_rnn_50 --word_min_freq 10 --checkpoint /disks/md0-4T/users/b.mgm/checkpoints/training_15___rnn_dim_100__char_rnn_50__word_min_freq_10 --train_batch_size 4 --checkpoint /disks/md0-4T/users/b.mgm/checkpoints/training_15___rnn_dim_100__char_rnn_50__word_min_freq_10__train_batch_size_4 | tee -a /disks/md0-4T/users/b.mgm/logs/training_15___rnn_dim_100__char_rnn_50__word_min_freq_10__train_batch_size_4.log
python /disks/md0-4T/users/b.mgm/model/train.py --data_path /disks/md0-4T/users/b.mgm/data/CRF --train_path train.bilou_CRF --val_path validation.bilou_CRF --test_path test.bilou_CRF --emb_path /disks/md0-4T/users/b.mgm/data/embedding/pretrained_embedding.txt --char_emb_dim 25 --word_emb_dim 100 --val_batch_size 64 --max_epochs 100 --rnn_dim 100 --checkpoint /disks/md0-4T/users/b.mgm/checkpoints/training_16___rnn_dim_100 --char_rnn 50 --checkpoint /disks/md0-4T/users/b.mgm/checkpoints/training_16___rnn_dim_100__char_rnn_50 --word_min_freq 10 --checkpoint /disks/md0-4T/users/b.mgm/checkpoints/training_16___rnn_dim_100__char_rnn_50__word_min_freq_10 --train_batch_size 8 --checkpoint /disks/md0-4T/users/b.mgm/checkpoints/training_16___rnn_dim_100__char_rnn_50__word_min_freq_10__train_batch_size_8 | tee -a /disks/md0-4T/users/b.mgm/logs/training_16___rnn_dim_100__char_rnn_50__word_min_freq_10__train_batch_size_8.log
python /disks/md0-4T/users/b.mgm/model/train.py --data_path /disks/md0-4T/users/b.mgm/data/CRF --train_path train.bilou_CRF --val_path validation.bilou_CRF --test_path test.bilou_CRF --emb_path /disks/md0-4T/users/b.mgm/data/embedding/pretrained_embedding.txt --char_emb_dim 25 --word_emb_dim 100 --val_batch_size 64 --max_epochs 100 --rnn_dim 100 --checkpoint /disks/md0-4T/users/b.mgm/checkpoints/training_17___rnn_dim_100 --char_rnn 50 --checkpoint /disks/md0-4T/users/b.mgm/checkpoints/training_17___rnn_dim_100__char_rnn_50 --word_min_freq 10 --checkpoint /disks/md0-4T/users/b.mgm/checkpoints/training_17___rnn_dim_100__char_rnn_50__word_min_freq_10 --train_batch_size 16 --checkpoint /disks/md0-4T/users/b.mgm/checkpoints/training_17___rnn_dim_100__char_rnn_50__word_min_freq_10__train_batch_size_16 | tee -a /disks/md0-4T/users/b.mgm/logs/training_17___rnn_dim_100__char_rnn_50__word_min_freq_10__train_batch_size_16.log
python /disks/md0-4T/users/b.mgm/model/train.py --data_path /disks/md0-4T/users/b.mgm/data/CRF --train_path train.bilou_CRF --val_path validation.bilou_CRF --test_path test.bilou_CRF --emb_path /disks/md0-4T/users/b.mgm/data/embedding/pretrained_embedding.txt --char_emb_dim 25 --word_emb_dim 100 --val_batch_size 64 --max_epochs 100 --rnn_dim 150 --checkpoint /disks/md0-4T/users/b.mgm/checkpoints/training_18___rnn_dim_150 --char_rnn 25 --checkpoint /disks/md0-4T/users/b.mgm/checkpoints/training_18___rnn_dim_150__char_rnn_25 --word_min_freq 0 --checkpoint /disks/md0-4T/users/b.mgm/checkpoints/training_18___rnn_dim_150__char_rnn_25__word_min_freq_0 --train_batch_size 4 --checkpoint /disks/md0-4T/users/b.mgm/checkpoints/training_18___rnn_dim_150__char_rnn_25__word_min_freq_0__train_batch_size_4 | tee -a /disks/md0-4T/users/b.mgm/logs/training_18___rnn_dim_150__char_rnn_25__word_min_freq_0__train_batch_size_4.log
python /disks/md0-4T/users/b.mgm/model/train.py --data_path /disks/md0-4T/users/b.mgm/data/CRF --train_path train.bilou_CRF --val_path validation.bilou_CRF --test_path test.bilou_CRF --emb_path /disks/md0-4T/users/b.mgm/data/embedding/pretrained_embedding.txt --char_emb_dim 25 --word_emb_dim 100 --val_batch_size 64 --max_epochs 100 --rnn_dim 150 --checkpoint /disks/md0-4T/users/b.mgm/checkpoints/training_19___rnn_dim_150 --char_rnn 25 --checkpoint /disks/md0-4T/users/b.mgm/checkpoints/training_19___rnn_dim_150__char_rnn_25 --word_min_freq 0 --checkpoint /disks/md0-4T/users/b.mgm/checkpoints/training_19___rnn_dim_150__char_rnn_25__word_min_freq_0 --train_batch_size 8 --checkpoint /disks/md0-4T/users/b.mgm/checkpoints/training_19___rnn_dim_150__char_rnn_25__word_min_freq_0__train_batch_size_8 | tee -a /disks/md0-4T/users/b.mgm/logs/training_19___rnn_dim_150__char_rnn_25__word_min_freq_0__train_batch_size_8.log
python /disks/md0-4T/users/b.mgm/model/train.py --data_path /disks/md0-4T/users/b.mgm/data/CRF --train_path train.bilou_CRF --val_path validation.bilou_CRF --test_path test.bilou_CRF --emb_path /disks/md0-4T/users/b.mgm/data/embedding/pretrained_embedding.txt --char_emb_dim 25 --word_emb_dim 100 --val_batch_size 64 --max_epochs 100 --rnn_dim 150 --checkpoint /disks/md0-4T/users/b.mgm/checkpoints/training_20___rnn_dim_150 --char_rnn 25 --checkpoint /disks/md0-4T/users/b.mgm/checkpoints/training_20___rnn_dim_150__char_rnn_25 --word_min_freq 0 --checkpoint /disks/md0-4T/users/b.mgm/checkpoints/training_20___rnn_dim_150__char_rnn_25__word_min_freq_0 --train_batch_size 16 --checkpoint /disks/md0-4T/users/b.mgm/checkpoints/training_20___rnn_dim_150__char_rnn_25__word_min_freq_0__train_batch_size_16 | tee -a /disks/md0-4T/users/b.mgm/logs/training_20___rnn_dim_150__char_rnn_25__word_min_freq_0__train_batch_size_16.log
python /disks/md0-4T/users/b.mgm/model/train.py --data_path /disks/md0-4T/users/b.mgm/data/CRF --train_path train.bilou_CRF --val_path validation.bilou_CRF --test_path test.bilou_CRF --emb_path /disks/md0-4T/users/b.mgm/data/embedding/pretrained_embedding.txt --char_emb_dim 25 --word_emb_dim 100 --val_batch_size 64 --max_epochs 100 --rnn_dim 150 --checkpoint /disks/md0-4T/users/b.mgm/checkpoints/training_21___rnn_dim_150 --char_rnn 25 --checkpoint /disks/md0-4T/users/b.mgm/checkpoints/training_21___rnn_dim_150__char_rnn_25 --word_min_freq 5 --checkpoint /disks/md0-4T/users/b.mgm/checkpoints/training_21___rnn_dim_150__char_rnn_25__word_min_freq_5 --train_batch_size 4 --checkpoint /disks/md0-4T/users/b.mgm/checkpoints/training_21___rnn_dim_150__char_rnn_25__word_min_freq_5__train_batch_size_4 | tee -a /disks/md0-4T/users/b.mgm/logs/training_21___rnn_dim_150__char_rnn_25__word_min_freq_5__train_batch_size_4.log
python /disks/md0-4T/users/b.mgm/model/train.py --data_path /disks/md0-4T/users/b.mgm/data/CRF --train_path train.bilou_CRF --val_path validation.bilou_CRF --test_path test.bilou_CRF --emb_path /disks/md0-4T/users/b.mgm/data/embedding/pretrained_embedding.txt --char_emb_dim 25 --word_emb_dim 100 --val_batch_size 64 --max_epochs 100 --rnn_dim 150 --checkpoint /disks/md0-4T/users/b.mgm/checkpoints/training_22___rnn_dim_150 --char_rnn 25 --checkpoint /disks/md0-4T/users/b.mgm/checkpoints/training_22___rnn_dim_150__char_rnn_25 --word_min_freq 5 --checkpoint /disks/md0-4T/users/b.mgm/checkpoints/training_22___rnn_dim_150__char_rnn_25__word_min_freq_5 --train_batch_size 8 --checkpoint /disks/md0-4T/users/b.mgm/checkpoints/training_22___rnn_dim_150__char_rnn_25__word_min_freq_5__train_batch_size_8 | tee -a /disks/md0-4T/users/b.mgm/logs/training_22___rnn_dim_150__char_rnn_25__word_min_freq_5__train_batch_size_8.log
python /disks/md0-4T/users/b.mgm/model/train.py --data_path /disks/md0-4T/users/b.mgm/data/CRF --train_path train.bilou_CRF --val_path validation.bilou_CRF --test_path test.bilou_CRF --emb_path /disks/md0-4T/users/b.mgm/data/embedding/pretrained_embedding.txt --char_emb_dim 25 --word_emb_dim 100 --val_batch_size 64 --max_epochs 100 --rnn_dim 150 --checkpoint /disks/md0-4T/users/b.mgm/checkpoints/training_23___rnn_dim_150 --char_rnn 25 --checkpoint /disks/md0-4T/users/b.mgm/checkpoints/training_23___rnn_dim_150__char_rnn_25 --word_min_freq 5 --checkpoint /disks/md0-4T/users/b.mgm/checkpoints/training_23___rnn_dim_150__char_rnn_25__word_min_freq_5 --train_batch_size 16 --checkpoint /disks/md0-4T/users/b.mgm/checkpoints/training_23___rnn_dim_150__char_rnn_25__word_min_freq_5__train_batch_size_16 | tee -a /disks/md0-4T/users/b.mgm/logs/training_23___rnn_dim_150__char_rnn_25__word_min_freq_5__train_batch_size_16.log
python /disks/md0-4T/users/b.mgm/model/train.py --data_path /disks/md0-4T/users/b.mgm/data/CRF --train_path train.bilou_CRF --val_path validation.bilou_CRF --test_path test.bilou_CRF --emb_path /disks/md0-4T/users/b.mgm/data/embedding/pretrained_embedding.txt --char_emb_dim 25 --word_emb_dim 100 --val_batch_size 64 --max_epochs 100 --rnn_dim 150 --checkpoint /disks/md0-4T/users/b.mgm/checkpoints/training_24___rnn_dim_150 --char_rnn 25 --checkpoint /disks/md0-4T/users/b.mgm/checkpoints/training_24___rnn_dim_150__char_rnn_25 --word_min_freq 10 --checkpoint /disks/md0-4T/users/b.mgm/checkpoints/training_24___rnn_dim_150__char_rnn_25__word_min_freq_10 --train_batch_size 4 --checkpoint /disks/md0-4T/users/b.mgm/checkpoints/training_24___rnn_dim_150__char_rnn_25__word_min_freq_10__train_batch_size_4 | tee -a /disks/md0-4T/users/b.mgm/logs/training_24___rnn_dim_150__char_rnn_25__word_min_freq_10__train_batch_size_4.log
python /disks/md0-4T/users/b.mgm/model/train.py --data_path /disks/md0-4T/users/b.mgm/data/CRF --train_path train.bilou_CRF --val_path validation.bilou_CRF --test_path test.bilou_CRF --emb_path /disks/md0-4T/users/b.mgm/data/embedding/pretrained_embedding.txt --char_emb_dim 25 --word_emb_dim 100 --val_batch_size 64 --max_epochs 100 --rnn_dim 150 --checkpoint /disks/md0-4T/users/b.mgm/checkpoints/training_25___rnn_dim_150 --char_rnn 25 --checkpoint /disks/md0-4T/users/b.mgm/checkpoints/training_25___rnn_dim_150__char_rnn_25 --word_min_freq 10 --checkpoint /disks/md0-4T/users/b.mgm/checkpoints/training_25___rnn_dim_150__char_rnn_25__word_min_freq_10 --train_batch_size 8 --checkpoint /disks/md0-4T/users/b.mgm/checkpoints/training_25___rnn_dim_150__char_rnn_25__word_min_freq_10__train_batch_size_8 | tee -a /disks/md0-4T/users/b.mgm/logs/training_25___rnn_dim_150__char_rnn_25__word_min_freq_10__train_batch_size_8.log
python /disks/md0-4T/users/b.mgm/model/train.py --data_path /disks/md0-4T/users/b.mgm/data/CRF --train_path train.bilou_CRF --val_path validation.bilou_CRF --test_path test.bilou_CRF --emb_path /disks/md0-4T/users/b.mgm/data/embedding/pretrained_embedding.txt --char_emb_dim 25 --word_emb_dim 100 --val_batch_size 64 --max_epochs 100 --rnn_dim 150 --checkpoint /disks/md0-4T/users/b.mgm/checkpoints/training_26___rnn_dim_150 --char_rnn 25 --checkpoint /disks/md0-4T/users/b.mgm/checkpoints/training_26___rnn_dim_150__char_rnn_25 --word_min_freq 10 --checkpoint /disks/md0-4T/users/b.mgm/checkpoints/training_26___rnn_dim_150__char_rnn_25__word_min_freq_10 --train_batch_size 16 --checkpoint /disks/md0-4T/users/b.mgm/checkpoints/training_26___rnn_dim_150__char_rnn_25__word_min_freq_10__train_batch_size_16 | tee -a /disks/md0-4T/users/b.mgm/logs/training_26___rnn_dim_150__char_rnn_25__word_min_freq_10__train_batch_size_16.log
python /disks/md0-4T/users/b.mgm/model/train.py --data_path /disks/md0-4T/users/b.mgm/data/CRF --train_path train.bilou_CRF --val_path validation.bilou_CRF --test_path test.bilou_CRF --emb_path /disks/md0-4T/users/b.mgm/data/embedding/pretrained_embedding.txt --char_emb_dim 25 --word_emb_dim 100 --val_batch_size 64 --max_epochs 100 --rnn_dim 150 --checkpoint /disks/md0-4T/users/b.mgm/checkpoints/training_27___rnn_dim_150 --char_rnn 50 --checkpoint /disks/md0-4T/users/b.mgm/checkpoints/training_27___rnn_dim_150__char_rnn_50 --word_min_freq 0 --checkpoint /disks/md0-4T/users/b.mgm/checkpoints/training_27___rnn_dim_150__char_rnn_50__word_min_freq_0 --train_batch_size 4 --checkpoint /disks/md0-4T/users/b.mgm/checkpoints/training_27___rnn_dim_150__char_rnn_50__word_min_freq_0__train_batch_size_4 | tee -a /disks/md0-4T/users/b.mgm/logs/training_27___rnn_dim_150__char_rnn_50__word_min_freq_0__train_batch_size_4.log
python /disks/md0-4T/users/b.mgm/model/train.py --data_path /disks/md0-4T/users/b.mgm/data/CRF --train_path train.bilou_CRF --val_path validation.bilou_CRF --test_path test.bilou_CRF --emb_path /disks/md0-4T/users/b.mgm/data/embedding/pretrained_embedding.txt --char_emb_dim 25 --word_emb_dim 100 --val_batch_size 64 --max_epochs 100 --rnn_dim 150 --checkpoint /disks/md0-4T/users/b.mgm/checkpoints/training_28___rnn_dim_150 --char_rnn 50 --checkpoint /disks/md0-4T/users/b.mgm/checkpoints/training_28___rnn_dim_150__char_rnn_50 --word_min_freq 0 --checkpoint /disks/md0-4T/users/b.mgm/checkpoints/training_28___rnn_dim_150__char_rnn_50__word_min_freq_0 --train_batch_size 8 --checkpoint /disks/md0-4T/users/b.mgm/checkpoints/training_28___rnn_dim_150__char_rnn_50__word_min_freq_0__train_batch_size_8 | tee -a /disks/md0-4T/users/b.mgm/logs/training_28___rnn_dim_150__char_rnn_50__word_min_freq_0__train_batch_size_8.log
python /disks/md0-4T/users/b.mgm/model/train.py --data_path /disks/md0-4T/users/b.mgm/data/CRF --train_path train.bilou_CRF --val_path validation.bilou_CRF --test_path test.bilou_CRF --emb_path /disks/md0-4T/users/b.mgm/data/embedding/pretrained_embedding.txt --char_emb_dim 25 --word_emb_dim 100 --val_batch_size 64 --max_epochs 100 --rnn_dim 150 --checkpoint /disks/md0-4T/users/b.mgm/checkpoints/training_29___rnn_dim_150 --char_rnn 50 --checkpoint /disks/md0-4T/users/b.mgm/checkpoints/training_29___rnn_dim_150__char_rnn_50 --word_min_freq 0 --checkpoint /disks/md0-4T/users/b.mgm/checkpoints/training_29___rnn_dim_150__char_rnn_50__word_min_freq_0 --train_batch_size 16 --checkpoint /disks/md0-4T/users/b.mgm/checkpoints/training_29___rnn_dim_150__char_rnn_50__word_min_freq_0__train_batch_size_16 | tee -a /disks/md0-4T/users/b.mgm/logs/training_29___rnn_dim_150__char_rnn_50__word_min_freq_0__train_batch_size_16.log
python /disks/md0-4T/users/b.mgm/model/train.py --data_path /disks/md0-4T/users/b.mgm/data/CRF --train_path train.bilou_CRF --val_path validation.bilou_CRF --test_path test.bilou_CRF --emb_path /disks/md0-4T/users/b.mgm/data/embedding/pretrained_embedding.txt --char_emb_dim 25 --word_emb_dim 100 --val_batch_size 64 --max_epochs 100 --rnn_dim 150 --checkpoint /disks/md0-4T/users/b.mgm/checkpoints/training_30___rnn_dim_150 --char_rnn 50 --checkpoint /disks/md0-4T/users/b.mgm/checkpoints/training_30___rnn_dim_150__char_rnn_50 --word_min_freq 5 --checkpoint /disks/md0-4T/users/b.mgm/checkpoints/training_30___rnn_dim_150__char_rnn_50__word_min_freq_5 --train_batch_size 4 --checkpoint /disks/md0-4T/users/b.mgm/checkpoints/training_30___rnn_dim_150__char_rnn_50__word_min_freq_5__train_batch_size_4 | tee -a /disks/md0-4T/users/b.mgm/logs/training_30___rnn_dim_150__char_rnn_50__word_min_freq_5__train_batch_size_4.log
python /disks/md0-4T/users/b.mgm/model/train.py --data_path /disks/md0-4T/users/b.mgm/data/CRF --train_path train.bilou_CRF --val_path validation.bilou_CRF --test_path test.bilou_CRF --emb_path /disks/md0-4T/users/b.mgm/data/embedding/pretrained_embedding.txt --char_emb_dim 25 --word_emb_dim 100 --val_batch_size 64 --max_epochs 100 --rnn_dim 150 --checkpoint /disks/md0-4T/users/b.mgm/checkpoints/training_31___rnn_dim_150 --char_rnn 50 --checkpoint /disks/md0-4T/users/b.mgm/checkpoints/training_31___rnn_dim_150__char_rnn_50 --word_min_freq 5 --checkpoint /disks/md0-4T/users/b.mgm/checkpoints/training_31___rnn_dim_150__char_rnn_50__word_min_freq_5 --train_batch_size 8 --checkpoint /disks/md0-4T/users/b.mgm/checkpoints/training_31___rnn_dim_150__char_rnn_50__word_min_freq_5__train_batch_size_8 | tee -a /disks/md0-4T/users/b.mgm/logs/training_31___rnn_dim_150__char_rnn_50__word_min_freq_5__train_batch_size_8.log
python /disks/md0-4T/users/b.mgm/model/train.py --data_path /disks/md0-4T/users/b.mgm/data/CRF --train_path train.bilou_CRF --val_path validation.bilou_CRF --test_path test.bilou_CRF --emb_path /disks/md0-4T/users/b.mgm/data/embedding/pretrained_embedding.txt --char_emb_dim 25 --word_emb_dim 100 --val_batch_size 64 --max_epochs 100 --rnn_dim 150 --checkpoint /disks/md0-4T/users/b.mgm/checkpoints/training_32___rnn_dim_150 --char_rnn 50 --checkpoint /disks/md0-4T/users/b.mgm/checkpoints/training_32___rnn_dim_150__char_rnn_50 --word_min_freq 5 --checkpoint /disks/md0-4T/users/b.mgm/checkpoints/training_32___rnn_dim_150__char_rnn_50__word_min_freq_5 --train_batch_size 16 --checkpoint /disks/md0-4T/users/b.mgm/checkpoints/training_32___rnn_dim_150__char_rnn_50__word_min_freq_5__train_batch_size_16 | tee -a /disks/md0-4T/users/b.mgm/logs/training_32___rnn_dim_150__char_rnn_50__word_min_freq_5__train_batch_size_16.log
python /disks/md0-4T/users/b.mgm/model/train.py --data_path /disks/md0-4T/users/b.mgm/data/CRF --train_path train.bilou_CRF --val_path validation.bilou_CRF --test_path test.bilou_CRF --emb_path /disks/md0-4T/users/b.mgm/data/embedding/pretrained_embedding.txt --char_emb_dim 25 --word_emb_dim 100 --val_batch_size 64 --max_epochs 100 --rnn_dim 150 --checkpoint /disks/md0-4T/users/b.mgm/checkpoints/training_33___rnn_dim_150 --char_rnn 50 --checkpoint /disks/md0-4T/users/b.mgm/checkpoints/training_33___rnn_dim_150__char_rnn_50 --word_min_freq 10 --checkpoint /disks/md0-4T/users/b.mgm/checkpoints/training_33___rnn_dim_150__char_rnn_50__word_min_freq_10 --train_batch_size 4 --checkpoint /disks/md0-4T/users/b.mgm/checkpoints/training_33___rnn_dim_150__char_rnn_50__word_min_freq_10__train_batch_size_4 | tee -a /disks/md0-4T/users/b.mgm/logs/training_33___rnn_dim_150__char_rnn_50__word_min_freq_10__train_batch_size_4.log
python /disks/md0-4T/users/b.mgm/model/train.py --data_path /disks/md0-4T/users/b.mgm/data/CRF --train_path train.bilou_CRF --val_path validation.bilou_CRF --test_path test.bilou_CRF --emb_path /disks/md0-4T/users/b.mgm/data/embedding/pretrained_embedding.txt --char_emb_dim 25 --word_emb_dim 100 --val_batch_size 64 --max_epochs 100 --rnn_dim 150 --checkpoint /disks/md0-4T/users/b.mgm/checkpoints/training_34___rnn_dim_150 --char_rnn 50 --checkpoint /disks/md0-4T/users/b.mgm/checkpoints/training_34___rnn_dim_150__char_rnn_50 --word_min_freq 10 --checkpoint /disks/md0-4T/users/b.mgm/checkpoints/training_34___rnn_dim_150__char_rnn_50__word_min_freq_10 --train_batch_size 8 --checkpoint /disks/md0-4T/users/b.mgm/checkpoints/training_34___rnn_dim_150__char_rnn_50__word_min_freq_10__train_batch_size_8 | tee -a /disks/md0-4T/users/b.mgm/logs/training_34___rnn_dim_150__char_rnn_50__word_min_freq_10__train_batch_size_8.log
python /disks/md0-4T/users/b.mgm/model/train.py --data_path /disks/md0-4T/users/b.mgm/data/CRF --train_path train.bilou_CRF --val_path validation.bilou_CRF --test_path test.bilou_CRF --emb_path /disks/md0-4T/users/b.mgm/data/embedding/pretrained_embedding.txt --char_emb_dim 25 --word_emb_dim 100 --val_batch_size 64 --max_epochs 100 --rnn_dim 150 --checkpoint /disks/md0-4T/users/b.mgm/checkpoints/training_35___rnn_dim_150 --char_rnn 50 --checkpoint /disks/md0-4T/users/b.mgm/checkpoints/training_35___rnn_dim_150__char_rnn_50 --word_min_freq 10 --checkpoint /disks/md0-4T/users/b.mgm/checkpoints/training_35___rnn_dim_150__char_rnn_50__word_min_freq_10 --train_batch_size 16 --checkpoint /disks/md0-4T/users/b.mgm/checkpoints/training_35___rnn_dim_150__char_rnn_50__word_min_freq_10__train_batch_size_16 | tee -a /disks/md0-4T/users/b.mgm/logs/training_35___rnn_dim_150__char_rnn_50__word_min_freq_10__train_batch_size_16.log
python /disks/md0-4T/users/b.mgm/model/train.py --data_path /disks/md0-4T/users/b.mgm/data/CRF --train_path train.bilou_CRF --val_path validation.bilou_CRF --test_path test.bilou_CRF --emb_path /disks/md0-4T/users/b.mgm/data/embedding/pretrained_embedding.txt --char_emb_dim 25 --word_emb_dim 100 --val_batch_size 64 --max_epochs 100 --rnn_dim 200 --checkpoint /disks/md0-4T/users/b.mgm/checkpoints/training_36___rnn_dim_200 --char_rnn 25 --checkpoint /disks/md0-4T/users/b.mgm/checkpoints/training_36___rnn_dim_200__char_rnn_25 --word_min_freq 0 --checkpoint /disks/md0-4T/users/b.mgm/checkpoints/training_36___rnn_dim_200__char_rnn_25__word_min_freq_0 --train_batch_size 4 --checkpoint /disks/md0-4T/users/b.mgm/checkpoints/training_36___rnn_dim_200__char_rnn_25__word_min_freq_0__train_batch_size_4 | tee -a /disks/md0-4T/users/b.mgm/logs/training_36___rnn_dim_200__char_rnn_25__word_min_freq_0__train_batch_size_4.log
python /disks/md0-4T/users/b.mgm/model/train.py --data_path /disks/md0-4T/users/b.mgm/data/CRF --train_path train.bilou_CRF --val_path validation.bilou_CRF --test_path test.bilou_CRF --emb_path /disks/md0-4T/users/b.mgm/data/embedding/pretrained_embedding.txt --char_emb_dim 25 --word_emb_dim 100 --val_batch_size 64 --max_epochs 100 --rnn_dim 200 --checkpoint /disks/md0-4T/users/b.mgm/checkpoints/training_37___rnn_dim_200 --char_rnn 25 --checkpoint /disks/md0-4T/users/b.mgm/checkpoints/training_37___rnn_dim_200__char_rnn_25 --word_min_freq 0 --checkpoint /disks/md0-4T/users/b.mgm/checkpoints/training_37___rnn_dim_200__char_rnn_25__word_min_freq_0 --train_batch_size 8 --checkpoint /disks/md0-4T/users/b.mgm/checkpoints/training_37___rnn_dim_200__char_rnn_25__word_min_freq_0__train_batch_size_8 | tee -a /disks/md0-4T/users/b.mgm/logs/training_37___rnn_dim_200__char_rnn_25__word_min_freq_0__train_batch_size_8.log
python /disks/md0-4T/users/b.mgm/model/train.py --data_path /disks/md0-4T/users/b.mgm/data/CRF --train_path train.bilou_CRF --val_path validation.bilou_CRF --test_path test.bilou_CRF --emb_path /disks/md0-4T/users/b.mgm/data/embedding/pretrained_embedding.txt --char_emb_dim 25 --word_emb_dim 100 --val_batch_size 64 --max_epochs 100 --rnn_dim 200 --checkpoint /disks/md0-4T/users/b.mgm/checkpoints/training_38___rnn_dim_200 --char_rnn 25 --checkpoint /disks/md0-4T/users/b.mgm/checkpoints/training_38___rnn_dim_200__char_rnn_25 --word_min_freq 0 --checkpoint /disks/md0-4T/users/b.mgm/checkpoints/training_38___rnn_dim_200__char_rnn_25__word_min_freq_0 --train_batch_size 16 --checkpoint /disks/md0-4T/users/b.mgm/checkpoints/training_38___rnn_dim_200__char_rnn_25__word_min_freq_0__train_batch_size_16 | tee -a /disks/md0-4T/users/b.mgm/logs/training_38___rnn_dim_200__char_rnn_25__word_min_freq_0__train_batch_size_16.log
python /disks/md0-4T/users/b.mgm/model/train.py --data_path /disks/md0-4T/users/b.mgm/data/CRF --train_path train.bilou_CRF --val_path validation.bilou_CRF --test_path test.bilou_CRF --emb_path /disks/md0-4T/users/b.mgm/data/embedding/pretrained_embedding.txt --char_emb_dim 25 --word_emb_dim 100 --val_batch_size 64 --max_epochs 100 --rnn_dim 200 --checkpoint /disks/md0-4T/users/b.mgm/checkpoints/training_39___rnn_dim_200 --char_rnn 25 --checkpoint /disks/md0-4T/users/b.mgm/checkpoints/training_39___rnn_dim_200__char_rnn_25 --word_min_freq 5 --checkpoint /disks/md0-4T/users/b.mgm/checkpoints/training_39___rnn_dim_200__char_rnn_25__word_min_freq_5 --train_batch_size 4 --checkpoint /disks/md0-4T/users/b.mgm/checkpoints/training_39___rnn_dim_200__char_rnn_25__word_min_freq_5__train_batch_size_4 | tee -a /disks/md0-4T/users/b.mgm/logs/training_39___rnn_dim_200__char_rnn_25__word_min_freq_5__train_batch_size_4.log
python /disks/md0-4T/users/b.mgm/model/train.py --data_path /disks/md0-4T/users/b.mgm/data/CRF --train_path train.bilou_CRF --val_path validation.bilou_CRF --test_path test.bilou_CRF --emb_path /disks/md0-4T/users/b.mgm/data/embedding/pretrained_embedding.txt --char_emb_dim 25 --word_emb_dim 100 --val_batch_size 64 --max_epochs 100 --rnn_dim 200 --checkpoint /disks/md0-4T/users/b.mgm/checkpoints/training_40___rnn_dim_200 --char_rnn 25 --checkpoint /disks/md0-4T/users/b.mgm/checkpoints/training_40___rnn_dim_200__char_rnn_25 --word_min_freq 5 --checkpoint /disks/md0-4T/users/b.mgm/checkpoints/training_40___rnn_dim_200__char_rnn_25__word_min_freq_5 --train_batch_size 8 --checkpoint /disks/md0-4T/users/b.mgm/checkpoints/training_40___rnn_dim_200__char_rnn_25__word_min_freq_5__train_batch_size_8 | tee -a /disks/md0-4T/users/b.mgm/logs/training_40___rnn_dim_200__char_rnn_25__word_min_freq_5__train_batch_size_8.log
python /disks/md0-4T/users/b.mgm/model/train.py --data_path /disks/md0-4T/users/b.mgm/data/CRF --train_path train.bilou_CRF --val_path validation.bilou_CRF --test_path test.bilou_CRF --emb_path /disks/md0-4T/users/b.mgm/data/embedding/pretrained_embedding.txt --char_emb_dim 25 --word_emb_dim 100 --val_batch_size 64 --max_epochs 100 --rnn_dim 200 --checkpoint /disks/md0-4T/users/b.mgm/checkpoints/training_41___rnn_dim_200 --char_rnn 25 --checkpoint /disks/md0-4T/users/b.mgm/checkpoints/training_41___rnn_dim_200__char_rnn_25 --word_min_freq 5 --checkpoint /disks/md0-4T/users/b.mgm/checkpoints/training_41___rnn_dim_200__char_rnn_25__word_min_freq_5 --train_batch_size 16 --checkpoint /disks/md0-4T/users/b.mgm/checkpoints/training_41___rnn_dim_200__char_rnn_25__word_min_freq_5__train_batch_size_16 | tee -a /disks/md0-4T/users/b.mgm/logs/training_41___rnn_dim_200__char_rnn_25__word_min_freq_5__train_batch_size_16.log
python /disks/md0-4T/users/b.mgm/model/train.py --data_path /disks/md0-4T/users/b.mgm/data/CRF --train_path train.bilou_CRF --val_path validation.bilou_CRF --test_path test.bilou_CRF --emb_path /disks/md0-4T/users/b.mgm/data/embedding/pretrained_embedding.txt --char_emb_dim 25 --word_emb_dim 100 --val_batch_size 64 --max_epochs 100 --rnn_dim 200 --checkpoint /disks/md0-4T/users/b.mgm/checkpoints/training_42___rnn_dim_200 --char_rnn 25 --checkpoint /disks/md0-4T/users/b.mgm/checkpoints/training_42___rnn_dim_200__char_rnn_25 --word_min_freq 10 --checkpoint /disks/md0-4T/users/b.mgm/checkpoints/training_42___rnn_dim_200__char_rnn_25__word_min_freq_10 --train_batch_size 4 --checkpoint /disks/md0-4T/users/b.mgm/checkpoints/training_42___rnn_dim_200__char_rnn_25__word_min_freq_10__train_batch_size_4 | tee -a /disks/md0-4T/users/b.mgm/logs/training_42___rnn_dim_200__char_rnn_25__word_min_freq_10__train_batch_size_4.log
python /disks/md0-4T/users/b.mgm/model/train.py --data_path /disks/md0-4T/users/b.mgm/data/CRF --train_path train.bilou_CRF --val_path validation.bilou_CRF --test_path test.bilou_CRF --emb_path /disks/md0-4T/users/b.mgm/data/embedding/pretrained_embedding.txt --char_emb_dim 25 --word_emb_dim 100 --val_batch_size 64 --max_epochs 100 --rnn_dim 200 --checkpoint /disks/md0-4T/users/b.mgm/checkpoints/training_43___rnn_dim_200 --char_rnn 25 --checkpoint /disks/md0-4T/users/b.mgm/checkpoints/training_43___rnn_dim_200__char_rnn_25 --word_min_freq 10 --checkpoint /disks/md0-4T/users/b.mgm/checkpoints/training_43___rnn_dim_200__char_rnn_25__word_min_freq_10 --train_batch_size 8 --checkpoint /disks/md0-4T/users/b.mgm/checkpoints/training_43___rnn_dim_200__char_rnn_25__word_min_freq_10__train_batch_size_8 | tee -a /disks/md0-4T/users/b.mgm/logs/training_43___rnn_dim_200__char_rnn_25__word_min_freq_10__train_batch_size_8.log
python /disks/md0-4T/users/b.mgm/model/train.py --data_path /disks/md0-4T/users/b.mgm/data/CRF --train_path train.bilou_CRF --val_path validation.bilou_CRF --test_path test.bilou_CRF --emb_path /disks/md0-4T/users/b.mgm/data/embedding/pretrained_embedding.txt --char_emb_dim 25 --word_emb_dim 100 --val_batch_size 64 --max_epochs 100 --rnn_dim 200 --checkpoint /disks/md0-4T/users/b.mgm/checkpoints/training_44___rnn_dim_200 --char_rnn 25 --checkpoint /disks/md0-4T/users/b.mgm/checkpoints/training_44___rnn_dim_200__char_rnn_25 --word_min_freq 10 --checkpoint /disks/md0-4T/users/b.mgm/checkpoints/training_44___rnn_dim_200__char_rnn_25__word_min_freq_10 --train_batch_size 16 --checkpoint /disks/md0-4T/users/b.mgm/checkpoints/training_44___rnn_dim_200__char_rnn_25__word_min_freq_10__train_batch_size_16 | tee -a /disks/md0-4T/users/b.mgm/logs/training_44___rnn_dim_200__char_rnn_25__word_min_freq_10__train_batch_size_16.log
python /disks/md0-4T/users/b.mgm/model/train.py --data_path /disks/md0-4T/users/b.mgm/data/CRF --train_path train.bilou_CRF --val_path validation.bilou_CRF --test_path test.bilou_CRF --emb_path /disks/md0-4T/users/b.mgm/data/embedding/pretrained_embedding.txt --char_emb_dim 25 --word_emb_dim 100 --val_batch_size 64 --max_epochs 100 --rnn_dim 200 --checkpoint /disks/md0-4T/users/b.mgm/checkpoints/training_45___rnn_dim_200 --char_rnn 50 --checkpoint /disks/md0-4T/users/b.mgm/checkpoints/training_45___rnn_dim_200__char_rnn_50 --word_min_freq 0 --checkpoint /disks/md0-4T/users/b.mgm/checkpoints/training_45___rnn_dim_200__char_rnn_50__word_min_freq_0 --train_batch_size 4 --checkpoint /disks/md0-4T/users/b.mgm/checkpoints/training_45___rnn_dim_200__char_rnn_50__word_min_freq_0__train_batch_size_4 | tee -a /disks/md0-4T/users/b.mgm/logs/training_45___rnn_dim_200__char_rnn_50__word_min_freq_0__train_batch_size_4.log
python /disks/md0-4T/users/b.mgm/model/train.py --data_path /disks/md0-4T/users/b.mgm/data/CRF --train_path train.bilou_CRF --val_path validation.bilou_CRF --test_path test.bilou_CRF --emb_path /disks/md0-4T/users/b.mgm/data/embedding/pretrained_embedding.txt --char_emb_dim 25 --word_emb_dim 100 --val_batch_size 64 --max_epochs 100 --rnn_dim 200 --checkpoint /disks/md0-4T/users/b.mgm/checkpoints/training_46___rnn_dim_200 --char_rnn 50 --checkpoint /disks/md0-4T/users/b.mgm/checkpoints/training_46___rnn_dim_200__char_rnn_50 --word_min_freq 0 --checkpoint /disks/md0-4T/users/b.mgm/checkpoints/training_46___rnn_dim_200__char_rnn_50__word_min_freq_0 --train_batch_size 8 --checkpoint /disks/md0-4T/users/b.mgm/checkpoints/training_46___rnn_dim_200__char_rnn_50__word_min_freq_0__train_batch_size_8 | tee -a /disks/md0-4T/users/b.mgm/logs/training_46___rnn_dim_200__char_rnn_50__word_min_freq_0__train_batch_size_8.log
python /disks/md0-4T/users/b.mgm/model/train.py --data_path /disks/md0-4T/users/b.mgm/data/CRF --train_path train.bilou_CRF --val_path validation.bilou_CRF --test_path test.bilou_CRF --emb_path /disks/md0-4T/users/b.mgm/data/embedding/pretrained_embedding.txt --char_emb_dim 25 --word_emb_dim 100 --val_batch_size 64 --max_epochs 100 --rnn_dim 200 --checkpoint /disks/md0-4T/users/b.mgm/checkpoints/training_47___rnn_dim_200 --char_rnn 50 --checkpoint /disks/md0-4T/users/b.mgm/checkpoints/training_47___rnn_dim_200__char_rnn_50 --word_min_freq 0 --checkpoint /disks/md0-4T/users/b.mgm/checkpoints/training_47___rnn_dim_200__char_rnn_50__word_min_freq_0 --train_batch_size 16 --checkpoint /disks/md0-4T/users/b.mgm/checkpoints/training_47___rnn_dim_200__char_rnn_50__word_min_freq_0__train_batch_size_16 | tee -a /disks/md0-4T/users/b.mgm/logs/training_47___rnn_dim_200__char_rnn_50__word_min_freq_0__train_batch_size_16.log
python /disks/md0-4T/users/b.mgm/model/train.py --data_path /disks/md0-4T/users/b.mgm/data/CRF --train_path train.bilou_CRF --val_path validation.bilou_CRF --test_path test.bilou_CRF --emb_path /disks/md0-4T/users/b.mgm/data/embedding/pretrained_embedding.txt --char_emb_dim 25 --word_emb_dim 100 --val_batch_size 64 --max_epochs 100 --rnn_dim 200 --checkpoint /disks/md0-4T/users/b.mgm/checkpoints/training_48___rnn_dim_200 --char_rnn 50 --checkpoint /disks/md0-4T/users/b.mgm/checkpoints/training_48___rnn_dim_200__char_rnn_50 --word_min_freq 5 --checkpoint /disks/md0-4T/users/b.mgm/checkpoints/training_48___rnn_dim_200__char_rnn_50__word_min_freq_5 --train_batch_size 4 --checkpoint /disks/md0-4T/users/b.mgm/checkpoints/training_48___rnn_dim_200__char_rnn_50__word_min_freq_5__train_batch_size_4 | tee -a /disks/md0-4T/users/b.mgm/logs/training_48___rnn_dim_200__char_rnn_50__word_min_freq_5__train_batch_size_4.log
python /disks/md0-4T/users/b.mgm/model/train.py --data_path /disks/md0-4T/users/b.mgm/data/CRF --train_path train.bilou_CRF --val_path validation.bilou_CRF --test_path test.bilou_CRF --emb_path /disks/md0-4T/users/b.mgm/data/embedding/pretrained_embedding.txt --char_emb_dim 25 --word_emb_dim 100 --val_batch_size 64 --max_epochs 100 --rnn_dim 200 --checkpoint /disks/md0-4T/users/b.mgm/checkpoints/training_49___rnn_dim_200 --char_rnn 50 --checkpoint /disks/md0-4T/users/b.mgm/checkpoints/training_49___rnn_dim_200__char_rnn_50 --word_min_freq 5 --checkpoint /disks/md0-4T/users/b.mgm/checkpoints/training_49___rnn_dim_200__char_rnn_50__word_min_freq_5 --train_batch_size 8 --checkpoint /disks/md0-4T/users/b.mgm/checkpoints/training_49___rnn_dim_200__char_rnn_50__word_min_freq_5__train_batch_size_8 | tee -a /disks/md0-4T/users/b.mgm/logs/training_49___rnn_dim_200__char_rnn_50__word_min_freq_5__train_batch_size_8.log
python /disks/md0-4T/users/b.mgm/model/train.py --data_path /disks/md0-4T/users/b.mgm/data/CRF --train_path train.bilou_CRF --val_path validation.bilou_CRF --test_path test.bilou_CRF --emb_path /disks/md0-4T/users/b.mgm/data/embedding/pretrained_embedding.txt --char_emb_dim 25 --word_emb_dim 100 --val_batch_size 64 --max_epochs 100 --rnn_dim 200 --checkpoint /disks/md0-4T/users/b.mgm/checkpoints/training_50___rnn_dim_200 --char_rnn 50 --checkpoint /disks/md0-4T/users/b.mgm/checkpoints/training_50___rnn_dim_200__char_rnn_50 --word_min_freq 5 --checkpoint /disks/md0-4T/users/b.mgm/checkpoints/training_50___rnn_dim_200__char_rnn_50__word_min_freq_5 --train_batch_size 16 --checkpoint /disks/md0-4T/users/b.mgm/checkpoints/training_50___rnn_dim_200__char_rnn_50__word_min_freq_5__train_batch_size_16 | tee -a /disks/md0-4T/users/b.mgm/logs/training_50___rnn_dim_200__char_rnn_50__word_min_freq_5__train_batch_size_16.log
python /disks/md0-4T/users/b.mgm/model/train.py --data_path /disks/md0-4T/users/b.mgm/data/CRF --train_path train.bilou_CRF --val_path validation.bilou_CRF --test_path test.bilou_CRF --emb_path /disks/md0-4T/users/b.mgm/data/embedding/pretrained_embedding.txt --char_emb_dim 25 --word_emb_dim 100 --val_batch_size 64 --max_epochs 100 --rnn_dim 200 --checkpoint /disks/md0-4T/users/b.mgm/checkpoints/training_51___rnn_dim_200 --char_rnn 50 --checkpoint /disks/md0-4T/users/b.mgm/checkpoints/training_51___rnn_dim_200__char_rnn_50 --word_min_freq 10 --checkpoint /disks/md0-4T/users/b.mgm/checkpoints/training_51___rnn_dim_200__char_rnn_50__word_min_freq_10 --train_batch_size 4 --checkpoint /disks/md0-4T/users/b.mgm/checkpoints/training_51___rnn_dim_200__char_rnn_50__word_min_freq_10__train_batch_size_4 | tee -a /disks/md0-4T/users/b.mgm/logs/training_51___rnn_dim_200__char_rnn_50__word_min_freq_10__train_batch_size_4.log
python /disks/md0-4T/users/b.mgm/model/train.py --data_path /disks/md0-4T/users/b.mgm/data/CRF --train_path train.bilou_CRF --val_path validation.bilou_CRF --test_path test.bilou_CRF --emb_path /disks/md0-4T/users/b.mgm/data/embedding/pretrained_embedding.txt --char_emb_dim 25 --word_emb_dim 100 --val_batch_size 64 --max_epochs 100 --rnn_dim 200 --checkpoint /disks/md0-4T/users/b.mgm/checkpoints/training_52___rnn_dim_200 --char_rnn 50 --checkpoint /disks/md0-4T/users/b.mgm/checkpoints/training_52___rnn_dim_200__char_rnn_50 --word_min_freq 10 --checkpoint /disks/md0-4T/users/b.mgm/checkpoints/training_52___rnn_dim_200__char_rnn_50__word_min_freq_10 --train_batch_size 8 --checkpoint /disks/md0-4T/users/b.mgm/checkpoints/training_52___rnn_dim_200__char_rnn_50__word_min_freq_10__train_batch_size_8 | tee -a /disks/md0-4T/users/b.mgm/logs/training_52___rnn_dim_200__char_rnn_50__word_min_freq_10__train_batch_size_8.log
python /disks/md0-4T/users/b.mgm/model/train.py --data_path /disks/md0-4T/users/b.mgm/data/CRF --train_path train.bilou_CRF --val_path validation.bilou_CRF --test_path test.bilou_CRF --emb_path /disks/md0-4T/users/b.mgm/data/embedding/pretrained_embedding.txt --char_emb_dim 25 --word_emb_dim 100 --val_batch_size 64 --max_epochs 100 --rnn_dim 200 --checkpoint /disks/md0-4T/users/b.mgm/checkpoints/training_53___rnn_dim_200 --char_rnn 50 --checkpoint /disks/md0-4T/users/b.mgm/checkpoints/training_53___rnn_dim_200__char_rnn_50 --word_min_freq 10 --checkpoint /disks/md0-4T/users/b.mgm/checkpoints/training_53___rnn_dim_200__char_rnn_50__word_min_freq_10 --train_batch_size 16 --checkpoint /disks/md0-4T/users/b.mgm/checkpoints/training_53___rnn_dim_200__char_rnn_50__word_min_freq_10__train_batch_size_16 | tee -a /disks/md0-4T/users/b.mgm/logs/training_53___rnn_dim_200__char_rnn_50__word_min_freq_10__train_batch_size_16.log
python /disks/md0-4T/users/b.mgm/model/train.py --data_path /disks/md0-4T/users/b.mgm/data/CRF --train_path train.bilou_CRF --val_path validation.bilou_CRF --test_path test.bilou_CRF --emb_path /disks/md0-4T/users/b.mgm/data/embedding/pretrained_embedding.txt --char_emb_dim 25 --word_emb_dim 100 --val_batch_size 64 --max_epochs 100 --rnn_dim 300 --checkpoint /disks/md0-4T/users/b.mgm/checkpoints/training_54___rnn_dim_300 --char_rnn 25 --checkpoint /disks/md0-4T/users/b.mgm/checkpoints/training_54___rnn_dim_300__char_rnn_25 --word_min_freq 0 --checkpoint /disks/md0-4T/users/b.mgm/checkpoints/training_54___rnn_dim_300__char_rnn_25__word_min_freq_0 --train_batch_size 4 --checkpoint /disks/md0-4T/users/b.mgm/checkpoints/training_54___rnn_dim_300__char_rnn_25__word_min_freq_0__train_batch_size_4 | tee -a /disks/md0-4T/users/b.mgm/logs/training_54___rnn_dim_300__char_rnn_25__word_min_freq_0__train_batch_size_4.log
python /disks/md0-4T/users/b.mgm/model/train.py --data_path /disks/md0-4T/users/b.mgm/data/CRF --train_path train.bilou_CRF --val_path validation.bilou_CRF --test_path test.bilou_CRF --emb_path /disks/md0-4T/users/b.mgm/data/embedding/pretrained_embedding.txt --char_emb_dim 25 --word_emb_dim 100 --val_batch_size 64 --max_epochs 100 --rnn_dim 300 --checkpoint /disks/md0-4T/users/b.mgm/checkpoints/training_55___rnn_dim_300 --char_rnn 25 --checkpoint /disks/md0-4T/users/b.mgm/checkpoints/training_55___rnn_dim_300__char_rnn_25 --word_min_freq 0 --checkpoint /disks/md0-4T/users/b.mgm/checkpoints/training_55___rnn_dim_300__char_rnn_25__word_min_freq_0 --train_batch_size 8 --checkpoint /disks/md0-4T/users/b.mgm/checkpoints/training_55___rnn_dim_300__char_rnn_25__word_min_freq_0__train_batch_size_8 | tee -a /disks/md0-4T/users/b.mgm/logs/training_55___rnn_dim_300__char_rnn_25__word_min_freq_0__train_batch_size_8.log
python /disks/md0-4T/users/b.mgm/model/train.py --data_path /disks/md0-4T/users/b.mgm/data/CRF --train_path train.bilou_CRF --val_path validation.bilou_CRF --test_path test.bilou_CRF --emb_path /disks/md0-4T/users/b.mgm/data/embedding/pretrained_embedding.txt --char_emb_dim 25 --word_emb_dim 100 --val_batch_size 64 --max_epochs 100 --rnn_dim 300 --checkpoint /disks/md0-4T/users/b.mgm/checkpoints/training_56___rnn_dim_300 --char_rnn 25 --checkpoint /disks/md0-4T/users/b.mgm/checkpoints/training_56___rnn_dim_300__char_rnn_25 --word_min_freq 0 --checkpoint /disks/md0-4T/users/b.mgm/checkpoints/training_56___rnn_dim_300__char_rnn_25__word_min_freq_0 --train_batch_size 16 --checkpoint /disks/md0-4T/users/b.mgm/checkpoints/training_56___rnn_dim_300__char_rnn_25__word_min_freq_0__train_batch_size_16 | tee -a /disks/md0-4T/users/b.mgm/logs/training_56___rnn_dim_300__char_rnn_25__word_min_freq_0__train_batch_size_16.log
python /disks/md0-4T/users/b.mgm/model/train.py --data_path /disks/md0-4T/users/b.mgm/data/CRF --train_path train.bilou_CRF --val_path validation.bilou_CRF --test_path test.bilou_CRF --emb_path /disks/md0-4T/users/b.mgm/data/embedding/pretrained_embedding.txt --char_emb_dim 25 --word_emb_dim 100 --val_batch_size 64 --max_epochs 100 --rnn_dim 300 --checkpoint /disks/md0-4T/users/b.mgm/checkpoints/training_57___rnn_dim_300 --char_rnn 25 --checkpoint /disks/md0-4T/users/b.mgm/checkpoints/training_57___rnn_dim_300__char_rnn_25 --word_min_freq 5 --checkpoint /disks/md0-4T/users/b.mgm/checkpoints/training_57___rnn_dim_300__char_rnn_25__word_min_freq_5 --train_batch_size 4 --checkpoint /disks/md0-4T/users/b.mgm/checkpoints/training_57___rnn_dim_300__char_rnn_25__word_min_freq_5__train_batch_size_4 | tee -a /disks/md0-4T/users/b.mgm/logs/training_57___rnn_dim_300__char_rnn_25__word_min_freq_5__train_batch_size_4.log
python /disks/md0-4T/users/b.mgm/model/train.py --data_path /disks/md0-4T/users/b.mgm/data/CRF --train_path train.bilou_CRF --val_path validation.bilou_CRF --test_path test.bilou_CRF --emb_path /disks/md0-4T/users/b.mgm/data/embedding/pretrained_embedding.txt --char_emb_dim 25 --word_emb_dim 100 --val_batch_size 64 --max_epochs 100 --rnn_dim 300 --checkpoint /disks/md0-4T/users/b.mgm/checkpoints/training_58___rnn_dim_300 --char_rnn 25 --checkpoint /disks/md0-4T/users/b.mgm/checkpoints/training_58___rnn_dim_300__char_rnn_25 --word_min_freq 5 --checkpoint /disks/md0-4T/users/b.mgm/checkpoints/training_58___rnn_dim_300__char_rnn_25__word_min_freq_5 --train_batch_size 8 --checkpoint /disks/md0-4T/users/b.mgm/checkpoints/training_58___rnn_dim_300__char_rnn_25__word_min_freq_5__train_batch_size_8 | tee -a /disks/md0-4T/users/b.mgm/logs/training_58___rnn_dim_300__char_rnn_25__word_min_freq_5__train_batch_size_8.log
python /disks/md0-4T/users/b.mgm/model/train.py --data_path /disks/md0-4T/users/b.mgm/data/CRF --train_path train.bilou_CRF --val_path validation.bilou_CRF --test_path test.bilou_CRF --emb_path /disks/md0-4T/users/b.mgm/data/embedding/pretrained_embedding.txt --char_emb_dim 25 --word_emb_dim 100 --val_batch_size 64 --max_epochs 100 --rnn_dim 300 --checkpoint /disks/md0-4T/users/b.mgm/checkpoints/training_59___rnn_dim_300 --char_rnn 25 --checkpoint /disks/md0-4T/users/b.mgm/checkpoints/training_59___rnn_dim_300__char_rnn_25 --word_min_freq 5 --checkpoint /disks/md0-4T/users/b.mgm/checkpoints/training_59___rnn_dim_300__char_rnn_25__word_min_freq_5 --train_batch_size 16 --checkpoint /disks/md0-4T/users/b.mgm/checkpoints/training_59___rnn_dim_300__char_rnn_25__word_min_freq_5__train_batch_size_16 | tee -a /disks/md0-4T/users/b.mgm/logs/training_59___rnn_dim_300__char_rnn_25__word_min_freq_5__train_batch_size_16.log
python /disks/md0-4T/users/b.mgm/model/train.py --data_path /disks/md0-4T/users/b.mgm/data/CRF --train_path train.bilou_CRF --val_path validation.bilou_CRF --test_path test.bilou_CRF --emb_path /disks/md0-4T/users/b.mgm/data/embedding/pretrained_embedding.txt --char_emb_dim 25 --word_emb_dim 100 --val_batch_size 64 --max_epochs 100 --rnn_dim 300 --checkpoint /disks/md0-4T/users/b.mgm/checkpoints/training_60___rnn_dim_300 --char_rnn 25 --checkpoint /disks/md0-4T/users/b.mgm/checkpoints/training_60___rnn_dim_300__char_rnn_25 --word_min_freq 10 --checkpoint /disks/md0-4T/users/b.mgm/checkpoints/training_60___rnn_dim_300__char_rnn_25__word_min_freq_10 --train_batch_size 4 --checkpoint /disks/md0-4T/users/b.mgm/checkpoints/training_60___rnn_dim_300__char_rnn_25__word_min_freq_10__train_batch_size_4 | tee -a /disks/md0-4T/users/b.mgm/logs/training_60___rnn_dim_300__char_rnn_25__word_min_freq_10__train_batch_size_4.log
python /disks/md0-4T/users/b.mgm/model/train.py --data_path /disks/md0-4T/users/b.mgm/data/CRF --train_path train.bilou_CRF --val_path validation.bilou_CRF --test_path test.bilou_CRF --emb_path /disks/md0-4T/users/b.mgm/data/embedding/pretrained_embedding.txt --char_emb_dim 25 --word_emb_dim 100 --val_batch_size 64 --max_epochs 100 --rnn_dim 300 --checkpoint /disks/md0-4T/users/b.mgm/checkpoints/training_61___rnn_dim_300 --char_rnn 25 --checkpoint /disks/md0-4T/users/b.mgm/checkpoints/training_61___rnn_dim_300__char_rnn_25 --word_min_freq 10 --checkpoint /disks/md0-4T/users/b.mgm/checkpoints/training_61___rnn_dim_300__char_rnn_25__word_min_freq_10 --train_batch_size 8 --checkpoint /disks/md0-4T/users/b.mgm/checkpoints/training_61___rnn_dim_300__char_rnn_25__word_min_freq_10__train_batch_size_8 | tee -a /disks/md0-4T/users/b.mgm/logs/training_61___rnn_dim_300__char_rnn_25__word_min_freq_10__train_batch_size_8.log
python /disks/md0-4T/users/b.mgm/model/train.py --data_path /disks/md0-4T/users/b.mgm/data/CRF --train_path train.bilou_CRF --val_path validation.bilou_CRF --test_path test.bilou_CRF --emb_path /disks/md0-4T/users/b.mgm/data/embedding/pretrained_embedding.txt --char_emb_dim 25 --word_emb_dim 100 --val_batch_size 64 --max_epochs 100 --rnn_dim 300 --checkpoint /disks/md0-4T/users/b.mgm/checkpoints/training_62___rnn_dim_300 --char_rnn 25 --checkpoint /disks/md0-4T/users/b.mgm/checkpoints/training_62___rnn_dim_300__char_rnn_25 --word_min_freq 10 --checkpoint /disks/md0-4T/users/b.mgm/checkpoints/training_62___rnn_dim_300__char_rnn_25__word_min_freq_10 --train_batch_size 16 --checkpoint /disks/md0-4T/users/b.mgm/checkpoints/training_62___rnn_dim_300__char_rnn_25__word_min_freq_10__train_batch_size_16 | tee -a /disks/md0-4T/users/b.mgm/logs/training_62___rnn_dim_300__char_rnn_25__word_min_freq_10__train_batch_size_16.log
python /disks/md0-4T/users/b.mgm/model/train.py --data_path /disks/md0-4T/users/b.mgm/data/CRF --train_path train.bilou_CRF --val_path validation.bilou_CRF --test_path test.bilou_CRF --emb_path /disks/md0-4T/users/b.mgm/data/embedding/pretrained_embedding.txt --char_emb_dim 25 --word_emb_dim 100 --val_batch_size 64 --max_epochs 100 --rnn_dim 300 --checkpoint /disks/md0-4T/users/b.mgm/checkpoints/training_63___rnn_dim_300 --char_rnn 50 --checkpoint /disks/md0-4T/users/b.mgm/checkpoints/training_63___rnn_dim_300__char_rnn_50 --word_min_freq 0 --checkpoint /disks/md0-4T/users/b.mgm/checkpoints/training_63___rnn_dim_300__char_rnn_50__word_min_freq_0 --train_batch_size 4 --checkpoint /disks/md0-4T/users/b.mgm/checkpoints/training_63___rnn_dim_300__char_rnn_50__word_min_freq_0__train_batch_size_4 | tee -a /disks/md0-4T/users/b.mgm/logs/training_63___rnn_dim_300__char_rnn_50__word_min_freq_0__train_batch_size_4.log
python /disks/md0-4T/users/b.mgm/model/train.py --data_path /disks/md0-4T/users/b.mgm/data/CRF --train_path train.bilou_CRF --val_path validation.bilou_CRF --test_path test.bilou_CRF --emb_path /disks/md0-4T/users/b.mgm/data/embedding/pretrained_embedding.txt --char_emb_dim 25 --word_emb_dim 100 --val_batch_size 64 --max_epochs 100 --rnn_dim 300 --checkpoint /disks/md0-4T/users/b.mgm/checkpoints/training_64___rnn_dim_300 --char_rnn 50 --checkpoint /disks/md0-4T/users/b.mgm/checkpoints/training_64___rnn_dim_300__char_rnn_50 --word_min_freq 0 --checkpoint /disks/md0-4T/users/b.mgm/checkpoints/training_64___rnn_dim_300__char_rnn_50__word_min_freq_0 --train_batch_size 8 --checkpoint /disks/md0-4T/users/b.mgm/checkpoints/training_64___rnn_dim_300__char_rnn_50__word_min_freq_0__train_batch_size_8 | tee -a /disks/md0-4T/users/b.mgm/logs/training_64___rnn_dim_300__char_rnn_50__word_min_freq_0__train_batch_size_8.log
python /disks/md0-4T/users/b.mgm/model/train.py --data_path /disks/md0-4T/users/b.mgm/data/CRF --train_path train.bilou_CRF --val_path validation.bilou_CRF --test_path test.bilou_CRF --emb_path /disks/md0-4T/users/b.mgm/data/embedding/pretrained_embedding.txt --char_emb_dim 25 --word_emb_dim 100 --val_batch_size 64 --max_epochs 100 --rnn_dim 300 --checkpoint /disks/md0-4T/users/b.mgm/checkpoints/training_65___rnn_dim_300 --char_rnn 50 --checkpoint /disks/md0-4T/users/b.mgm/checkpoints/training_65___rnn_dim_300__char_rnn_50 --word_min_freq 0 --checkpoint /disks/md0-4T/users/b.mgm/checkpoints/training_65___rnn_dim_300__char_rnn_50__word_min_freq_0 --train_batch_size 16 --checkpoint /disks/md0-4T/users/b.mgm/checkpoints/training_65___rnn_dim_300__char_rnn_50__word_min_freq_0__train_batch_size_16 | tee -a /disks/md0-4T/users/b.mgm/logs/training_65___rnn_dim_300__char_rnn_50__word_min_freq_0__train_batch_size_16.log
python /disks/md0-4T/users/b.mgm/model/train.py --data_path /disks/md0-4T/users/b.mgm/data/CRF --train_path train.bilou_CRF --val_path validation.bilou_CRF --test_path test.bilou_CRF --emb_path /disks/md0-4T/users/b.mgm/data/embedding/pretrained_embedding.txt --char_emb_dim 25 --word_emb_dim 100 --val_batch_size 64 --max_epochs 100 --rnn_dim 300 --checkpoint /disks/md0-4T/users/b.mgm/checkpoints/training_66___rnn_dim_300 --char_rnn 50 --checkpoint /disks/md0-4T/users/b.mgm/checkpoints/training_66___rnn_dim_300__char_rnn_50 --word_min_freq 5 --checkpoint /disks/md0-4T/users/b.mgm/checkpoints/training_66___rnn_dim_300__char_rnn_50__word_min_freq_5 --train_batch_size 4 --checkpoint /disks/md0-4T/users/b.mgm/checkpoints/training_66___rnn_dim_300__char_rnn_50__word_min_freq_5__train_batch_size_4 | tee -a /disks/md0-4T/users/b.mgm/logs/training_66___rnn_dim_300__char_rnn_50__word_min_freq_5__train_batch_size_4.log
python /disks/md0-4T/users/b.mgm/model/train.py --data_path /disks/md0-4T/users/b.mgm/data/CRF --train_path train.bilou_CRF --val_path validation.bilou_CRF --test_path test.bilou_CRF --emb_path /disks/md0-4T/users/b.mgm/data/embedding/pretrained_embedding.txt --char_emb_dim 25 --word_emb_dim 100 --val_batch_size 64 --max_epochs 100 --rnn_dim 300 --checkpoint /disks/md0-4T/users/b.mgm/checkpoints/training_67___rnn_dim_300 --char_rnn 50 --checkpoint /disks/md0-4T/users/b.mgm/checkpoints/training_67___rnn_dim_300__char_rnn_50 --word_min_freq 5 --checkpoint /disks/md0-4T/users/b.mgm/checkpoints/training_67___rnn_dim_300__char_rnn_50__word_min_freq_5 --train_batch_size 8 --checkpoint /disks/md0-4T/users/b.mgm/checkpoints/training_67___rnn_dim_300__char_rnn_50__word_min_freq_5__train_batch_size_8 | tee -a /disks/md0-4T/users/b.mgm/logs/training_67___rnn_dim_300__char_rnn_50__word_min_freq_5__train_batch_size_8.log
python /disks/md0-4T/users/b.mgm/model/train.py --data_path /disks/md0-4T/users/b.mgm/data/CRF --train_path train.bilou_CRF --val_path validation.bilou_CRF --test_path test.bilou_CRF --emb_path /disks/md0-4T/users/b.mgm/data/embedding/pretrained_embedding.txt --char_emb_dim 25 --word_emb_dim 100 --val_batch_size 64 --max_epochs 100 --rnn_dim 300 --checkpoint /disks/md0-4T/users/b.mgm/checkpoints/training_68___rnn_dim_300 --char_rnn 50 --checkpoint /disks/md0-4T/users/b.mgm/checkpoints/training_68___rnn_dim_300__char_rnn_50 --word_min_freq 5 --checkpoint /disks/md0-4T/users/b.mgm/checkpoints/training_68___rnn_dim_300__char_rnn_50__word_min_freq_5 --train_batch_size 16 --checkpoint /disks/md0-4T/users/b.mgm/checkpoints/training_68___rnn_dim_300__char_rnn_50__word_min_freq_5__train_batch_size_16 | tee -a /disks/md0-4T/users/b.mgm/logs/training_68___rnn_dim_300__char_rnn_50__word_min_freq_5__train_batch_size_16.log
python /disks/md0-4T/users/b.mgm/model/train.py --data_path /disks/md0-4T/users/b.mgm/data/CRF --train_path train.bilou_CRF --val_path validation.bilou_CRF --test_path test.bilou_CRF --emb_path /disks/md0-4T/users/b.mgm/data/embedding/pretrained_embedding.txt --char_emb_dim 25 --word_emb_dim 100 --val_batch_size 64 --max_epochs 100 --rnn_dim 300 --checkpoint /disks/md0-4T/users/b.mgm/checkpoints/training_69___rnn_dim_300 --char_rnn 50 --checkpoint /disks/md0-4T/users/b.mgm/checkpoints/training_69___rnn_dim_300__char_rnn_50 --word_min_freq 10 --checkpoint /disks/md0-4T/users/b.mgm/checkpoints/training_69___rnn_dim_300__char_rnn_50__word_min_freq_10 --train_batch_size 4 --checkpoint /disks/md0-4T/users/b.mgm/checkpoints/training_69___rnn_dim_300__char_rnn_50__word_min_freq_10__train_batch_size_4 | tee -a /disks/md0-4T/users/b.mgm/logs/training_69___rnn_dim_300__char_rnn_50__word_min_freq_10__train_batch_size_4.log
python /disks/md0-4T/users/b.mgm/model/train.py --data_path /disks/md0-4T/users/b.mgm/data/CRF --train_path train.bilou_CRF --val_path validation.bilou_CRF --test_path test.bilou_CRF --emb_path /disks/md0-4T/users/b.mgm/data/embedding/pretrained_embedding.txt --char_emb_dim 25 --word_emb_dim 100 --val_batch_size 64 --max_epochs 100 --rnn_dim 300 --checkpoint /disks/md0-4T/users/b.mgm/checkpoints/training_70___rnn_dim_300 --char_rnn 50 --checkpoint /disks/md0-4T/users/b.mgm/checkpoints/training_70___rnn_dim_300__char_rnn_50 --word_min_freq 10 --checkpoint /disks/md0-4T/users/b.mgm/checkpoints/training_70___rnn_dim_300__char_rnn_50__word_min_freq_10 --train_batch_size 8 --checkpoint /disks/md0-4T/users/b.mgm/checkpoints/training_70___rnn_dim_300__char_rnn_50__word_min_freq_10__train_batch_size_8 | tee -a /disks/md0-4T/users/b.mgm/logs/training_70___rnn_dim_300__char_rnn_50__word_min_freq_10__train_batch_size_8.log
python /disks/md0-4T/users/b.mgm/model/train.py --data_path /disks/md0-4T/users/b.mgm/data/CRF --train_path train.bilou_CRF --val_path validation.bilou_CRF --test_path test.bilou_CRF --emb_path /disks/md0-4T/users/b.mgm/data/embedding/pretrained_embedding.txt --char_emb_dim 25 --word_emb_dim 100 --val_batch_size 64 --max_epochs 100 --rnn_dim 300 --checkpoint /disks/md0-4T/users/b.mgm/checkpoints/training_71___rnn_dim_300 --char_rnn 50 --checkpoint /disks/md0-4T/users/b.mgm/checkpoints/training_71___rnn_dim_300__char_rnn_50 --word_min_freq 10 --checkpoint /disks/md0-4T/users/b.mgm/checkpoints/training_71___rnn_dim_300__char_rnn_50__word_min_freq_10 --train_batch_size 16 --checkpoint /disks/md0-4T/users/b.mgm/checkpoints/training_71___rnn_dim_300__char_rnn_50__word_min_freq_10__train_batch_size_16 | tee -a /disks/md0-4T/users/b.mgm/logs/training_71___rnn_dim_300__char_rnn_50__word_min_freq_10__train_batch_size_16.log
