python train.py --train_path train.bilou_CRF --val_path validation.bilou_CRF --test_path test.bilou_CRF --data_path data/path --emb_path data/pretrained_embedding.txt --max_epochs 100 --char_emb_dim 25 --word_emb_dim 100 --word_min_freq 0 --checkpoint /disks/md0-4T/users/b.mgm/checkpoints/training_0___word_min_freq_0 --char_rnn 25 --checkpoint /disks/md0-4T/users/b.mgm/checkpoints/training_0___word_min_freq_0__char_rnn_25 | tee -a /disks/md0-4T/users/b.mgm/checkpoints/training_0___word_min_freq_0__char_rnn_25/training_0___word_min_freq_0__char_rnn_25.log
python train.py --train_path train.bilou_CRF --val_path validation.bilou_CRF --test_path test.bilou_CRF --data_path data/path --emb_path data/pretrained_embedding.txt --max_epochs 100 --char_emb_dim 25 --word_emb_dim 100 --word_min_freq 0 --checkpoint /disks/md0-4T/users/b.mgm/checkpoints/training_1___word_min_freq_0 --char_rnn 50 --checkpoint /disks/md0-4T/users/b.mgm/checkpoints/training_1___word_min_freq_0__char_rnn_50 | tee -a /disks/md0-4T/users/b.mgm/checkpoints/training_1___word_min_freq_0__char_rnn_50/training_1___word_min_freq_0__char_rnn_50.log
python train.py --train_path train.bilou_CRF --val_path validation.bilou_CRF --test_path test.bilou_CRF --data_path data/path --emb_path data/pretrained_embedding.txt --max_epochs 100 --char_emb_dim 25 --word_emb_dim 100 --word_min_freq 5 --checkpoint /disks/md0-4T/users/b.mgm/checkpoints/training_2___word_min_freq_5 --char_rnn 25 --checkpoint /disks/md0-4T/users/b.mgm/checkpoints/training_2___word_min_freq_5__char_rnn_25 | tee -a /disks/md0-4T/users/b.mgm/checkpoints/training_2___word_min_freq_5__char_rnn_25/training_2___word_min_freq_5__char_rnn_25.log
python train.py --train_path train.bilou_CRF --val_path validation.bilou_CRF --test_path test.bilou_CRF --data_path data/path --emb_path data/pretrained_embedding.txt --max_epochs 100 --char_emb_dim 25 --word_emb_dim 100 --word_min_freq 5 --checkpoint /disks/md0-4T/users/b.mgm/checkpoints/training_3___word_min_freq_5 --char_rnn 50 --checkpoint /disks/md0-4T/users/b.mgm/checkpoints/training_3___word_min_freq_5__char_rnn_50 | tee -a /disks/md0-4T/users/b.mgm/checkpoints/training_3___word_min_freq_5__char_rnn_50/training_3___word_min_freq_5__char_rnn_50.log
